Archive member included to satisfy reference by file (symbol)

/usr/lib/gcc/arm-none-eabi/9.2.1/thumb/v6-m/nofp/libgcc.a(_dvmd_tls.o)
                              CMakeFiles/main.dir/_deps/pico_sdk-src/src/rp2_common/pico_divider/divider.S.obj (__aeabi_idiv0)
/usr/lib/gcc/arm-none-eabi/9.2.1/../../../arm-none-eabi/lib/thumb/v6-m/nofp/libc.a(lib_a-atexit.o)
                              /usr/lib/gcc/arm-none-eabi/9.2.1/../../../arm-none-eabi/lib/thumb/v6-m/nofp/crt0.o (atexit)
/usr/lib/gcc/arm-none-eabi/9.2.1/../../../arm-none-eabi/lib/thumb/v6-m/nofp/libc.a(lib_a-calloc.o)
                              CMakeFiles/main.dir/_deps/pico_sdk-src/src/rp2_common/pico_malloc/pico_malloc.c.obj (calloc)
/usr/lib/gcc/arm-none-eabi/9.2.1/../../../arm-none-eabi/lib/thumb/v6-m/nofp/libc.a(lib_a-callocr.o)
                              /usr/lib/gcc/arm-none-eabi/9.2.1/../../../arm-none-eabi/lib/thumb/v6-m/nofp/libc.a(lib_a-calloc.o) (_calloc_r)
/usr/lib/gcc/arm-none-eabi/9.2.1/../../../arm-none-eabi/lib/thumb/v6-m/nofp/libc.a(lib_a-fini.o)
                              /usr/lib/gcc/arm-none-eabi/9.2.1/../../../arm-none-eabi/lib/thumb/v6-m/nofp/crt0.o (__libc_fini_array)
/usr/lib/gcc/arm-none-eabi/9.2.1/../../../arm-none-eabi/lib/thumb/v6-m/nofp/libc.a(lib_a-impure.o)
                              /usr/lib/gcc/arm-none-eabi/9.2.1/../../../arm-none-eabi/lib/thumb/v6-m/nofp/libc.a(lib_a-calloc.o) (_impure_ptr)
/usr/lib/gcc/arm-none-eabi/9.2.1/../../../arm-none-eabi/lib/thumb/v6-m/nofp/libc.a(lib_a-init.o)
                              /usr/lib/gcc/arm-none-eabi/9.2.1/../../../arm-none-eabi/lib/thumb/v6-m/nofp/crt0.o (__libc_init_array)
/usr/lib/gcc/arm-none-eabi/9.2.1/../../../arm-none-eabi/lib/thumb/v6-m/nofp/libc.a(lib_a-malloc.o)
                              CMakeFiles/main.dir/_deps/pico_sdk-src/src/rp2_common/pico_malloc/pico_malloc.c.obj (malloc)
/usr/lib/gcc/arm-none-eabi/9.2.1/../../../arm-none-eabi/lib/thumb/v6-m/nofp/libc.a(lib_a-mallocr.o)
                              /usr/lib/gcc/arm-none-eabi/9.2.1/../../../arm-none-eabi/lib/thumb/v6-m/nofp/libc.a(lib_a-callocr.o) (_malloc_r)
/usr/lib/gcc/arm-none-eabi/9.2.1/../../../arm-none-eabi/lib/thumb/v6-m/nofp/libc.a(lib_a-mlock.o)
                              /usr/lib/gcc/arm-none-eabi/9.2.1/../../../arm-none-eabi/lib/thumb/v6-m/nofp/libc.a(lib_a-mallocr.o) (__malloc_lock)
/usr/lib/gcc/arm-none-eabi/9.2.1/../../../arm-none-eabi/lib/thumb/v6-m/nofp/libc.a(lib_a-perror.o)
                              CMakeFiles/main.dir/ina219/ina219.c.obj (perror)
/usr/lib/gcc/arm-none-eabi/9.2.1/../../../arm-none-eabi/lib/thumb/v6-m/nofp/libc.a(lib_a-sbrkr.o)
                              /usr/lib/gcc/arm-none-eabi/9.2.1/../../../arm-none-eabi/lib/thumb/v6-m/nofp/libc.a(lib_a-mallocr.o) (_sbrk_r)
/usr/lib/gcc/arm-none-eabi/9.2.1/../../../arm-none-eabi/lib/thumb/v6-m/nofp/libc.a(lib_a-strerror.o)
                              /usr/lib/gcc/arm-none-eabi/9.2.1/../../../arm-none-eabi/lib/thumb/v6-m/nofp/libc.a(lib_a-perror.o) (_strerror_r)
/usr/lib/gcc/arm-none-eabi/9.2.1/../../../arm-none-eabi/lib/thumb/v6-m/nofp/libc.a(lib_a-strlen-stub.o)
                              CMakeFiles/main.dir/_deps/pico_sdk-src/src/rp2_common/pico_stdio/stdio.c.obj (strlen)
/usr/lib/gcc/arm-none-eabi/9.2.1/../../../arm-none-eabi/lib/thumb/v6-m/nofp/libc.a(lib_a-sysread.o)
                              CMakeFiles/main.dir/ina219/ina219.c.obj (read)
/usr/lib/gcc/arm-none-eabi/9.2.1/../../../arm-none-eabi/lib/thumb/v6-m/nofp/libc.a(lib_a-syswrite.o)
                              CMakeFiles/main.dir/ina219/ina219.c.obj (write)
/usr/lib/gcc/arm-none-eabi/9.2.1/../../../arm-none-eabi/lib/thumb/v6-m/nofp/libc.a(lib_a-u_strerr.o)
                              /usr/lib/gcc/arm-none-eabi/9.2.1/../../../arm-none-eabi/lib/thumb/v6-m/nofp/libc.a(lib_a-strerror.o) (_user_strerror)
/usr/lib/gcc/arm-none-eabi/9.2.1/../../../arm-none-eabi/lib/thumb/v6-m/nofp/libc.a(lib_a-writer.o)
                              /usr/lib/gcc/arm-none-eabi/9.2.1/../../../arm-none-eabi/lib/thumb/v6-m/nofp/libc.a(lib_a-perror.o) (_write_r)
/usr/lib/gcc/arm-none-eabi/9.2.1/../../../arm-none-eabi/lib/thumb/v6-m/nofp/libc.a(lib_a-__atexit.o)
                              /usr/lib/gcc/arm-none-eabi/9.2.1/../../../arm-none-eabi/lib/thumb/v6-m/nofp/libc.a(lib_a-atexit.o) (__register_exitproc)
/usr/lib/gcc/arm-none-eabi/9.2.1/../../../arm-none-eabi/lib/thumb/v6-m/nofp/libc.a(lib_a-fflush.o)
                              /usr/lib/gcc/arm-none-eabi/9.2.1/../../../arm-none-eabi/lib/thumb/v6-m/nofp/libc.a(lib_a-perror.o) (_fflush_r)
/usr/lib/gcc/arm-none-eabi/9.2.1/../../../arm-none-eabi/lib/thumb/v6-m/nofp/libc.a(lib_a-fileno.o)
                              /usr/lib/gcc/arm-none-eabi/9.2.1/../../../arm-none-eabi/lib/thumb/v6-m/nofp/libc.a(lib_a-perror.o) (fileno)
/usr/lib/gcc/arm-none-eabi/9.2.1/../../../arm-none-eabi/lib/thumb/v6-m/nofp/libc.a(lib_a-findfp.o)
[...]
Memory Configuration

Name             Origin             Length             Attributes
FLASH            0x0000000010000000 0x0000000000200000 xr
RAM              0x0000000020000000 0x0000000000040000 xrw
SCRATCH_X        0x0000000020040000 0x0000000000001000 xrw
SCRATCH_Y        0x0000000020041000 0x0000000000001000 xrw
*default*        0x0000000000000000 0xffffffffffffffff

Linker script and memory map

LOAD /usr/lib/gcc/arm-none-eabi/9.2.1/thumb/v6-m/nofp/crti.o
LOAD /usr/lib/gcc/arm-none-eabi/9.2.1/thumb/v6-m/nofp/crtbegin.o
LOAD /usr/lib/gcc/arm-none-eabi/9.2.1/../../../arm-none-eabi/lib/thumb/v6-m/nofp/crt0.o

.flash_begin    0x0000000010000000        0x0
                0x0000000010000000                __flash_binary_start = .

.boot2          0x0000000010000000      0x100
                0x0000000010000000                __boot2_start__ = .
 *(.boot2)
 .boot2         0x0000000010000000      0x100 /tmp/ccb0JBoP.o
                0x0000000010000100                __boot2_end__ = .
                0x0000000000000001                ASSERT (((__boot2_end__ - __boot2_start__) == 0x100), ERROR: Pico second stage bootloader must be 256 bytes in size)

.text           0x0000000010000100     0x6e30
                0x0000000010000100                __logical_binary_start = .
 *(.vectors)
 .vectors       0x0000000010000100       0xd4 CMakeFiles/main.dir/_deps/pico_sdk-src/src/rp2_common/pico_standard_link/crt0.S.obj
                0x0000000010000100                __vectors
                0x00000000100001c0                isr_invalid
                0x00000000100001c2                isr_nmi
                0x00000000100001c4                isr_hardfault
                0x00000000100001c6                isr_svcall
                0x00000000100001c8                isr_pendsv
                0x00000000100001ca                isr_systick
                0x00000000100001cc                isr_irq30
                0x00000000100001cc                __unhandled_user_irq
                0x00000000100001cc                isr_irq13
                0x00000000100001cc                isr_irq27
                0x00000000100001cc                isr_irq31
                0x00000000100001cc                isr_irq5
                0x00000000100001cc                isr_irq11
                0x00000000100001cc                isr_irq23
                0x00000000100001cc                isr_irq18
                0x00000000100001cc                isr_irq28
                0x00000000100001cc                isr_irq19
                0x00000000100001cc                isr_irq0
                0x00000000100001cc                isr_irq6
                0x00000000100001cc                isr_irq22
                0x00000000100001cc                isr_irq17
                0x00000000100001cc                isr_irq14
                0x00000000100001cc                isr_irq2
                0x00000000100001cc                isr_irq10
                0x00000000100001cc                isr_irq8
                0x00000000100001cc                isr_irq24
                0x00000000100001cc                isr_irq1
                0x00000000100001cc                isr_irq7
                0x00000000100001cc                isr_irq21
                0x00000000100001cc                isr_irq20
                0x00000000100001cc                isr_irq15
                0x00000000100001cc                isr_irq25
                0x00000000100001cc                isr_irq4
                0x00000000100001cc                isr_irq16
                0x00000000100001cc                isr_irq29
                0x00000000100001cc                isr_irq26
                0x00000000100001cc                isr_irq3
                0x00000000100001cc                isr_irq12
                0x00000000100001cc                isr_irq9
                0x00000000100001d2                unhandled_user_irq_num_in_r0
 *(.binary_info_header)
 .binary_info_header
                0x00000000100001d4       0x14 CMakeFiles/main.dir/_deps/pico_sdk-src/src/rp2_common/pico_standard_link/crt0.S.obj
                0x00000000100001e8                __binary_info_header_end = .
 *(.reset)
 .reset         0x00000000100001e8       0xa8 CMakeFiles/main.dir/_deps/pico_sdk-src/src/rp2_common/pico_standard_link/crt0.S.obj
                0x00000000100001e8                _entry_point
                0x0000000010000266                __get_current_exception
 .reset         0x0000000010000290       0x30 CMakeFiles/main.dir/_deps/pico_sdk-src/src/rp2_common/pico_standard_link/binary_info.c.obj
 *(.init)
 .init          0x00000000100002c0        0x4 /usr/lib/gcc/arm-none-eabi/9.2.1/thumb/v6-m/nofp/crti.o
                0x00000000100002c0                _init
 *(EXCLUDE_FILE(*libm.a: *libc.a:*lib_a-mem*.o *libgcc.a:) .text*)
 .text          0x00000000100002c4       0x98 /usr/lib/gcc/arm-none-eabi/9.2.1/thumb/v6-m/nofp/crtbegin.o
 .text.startup.main
                0x000000001000035c       0x34 CMakeFiles/main.dir/main.c.obj
                0x000000001000035c                main
 .text.gpio_init
                0x0000000010000390       0x3c CMakeFiles/main.dir/_deps/pico_sdk-src/src/rp2_common/hardware_gpio/gpio.c.obj
                0x0000000010000390                gpio_init
 .text.hw_claim_or_assert
                0x00000000100003cc       0x60 CMakeFiles/main.dir/_deps/pico_sdk-src/src/rp2_common/hardware_claim/claim.c.obj
                0x00000000100003cc                hw_claim_or_assert
 .text.hw_claim_unused_from_range
                0x000000001000042c       0x9c CMakeFiles/main.dir/_deps/pico_sdk-src/src/rp2_common/hardware_claim/claim.c.obj
                0x000000001000042c                hw_claim_unused_from_range
 .text.spin_locks_reset
                0x00000000100004c8       0x1c CMakeFiles/main.dir/_deps/pico_sdk-src/src/rp2_common/hardware_sync/sync.c.obj
                0x00000000100004c8                spin_locks_reset
 .text.next_striped_spin_lock_num
                0x00000000100004e4       0x18 CMakeFiles/main.dir/_deps/pico_sdk-src/src/rp2_common/hardware_sync/sync.c.obj
                0x00000000100004e4                next_striped_spin_lock_num
 .text.spin_lock_claim_unused
                0x00000000100004fc       0x20 CMakeFiles/main.dir/_deps/pico_sdk-src/src/rp2_common/hardware_sync/sync.c.obj
                0x00000000100004fc                spin_lock_claim_unused
 .text.running_on_fpga
                0x000000001000051c       0x10 CMakeFiles/main.dir/_deps/pico_sdk-src/src/rp2_common/pico_platform/platform.c.obj
                0x000000001000051c                running_on_fpga
 .text.timer_pool_entry_comparator
                0x000000001000052c       0x34 CMakeFiles/main.dir/_deps/pico_sdk-src/src/common/pico_time/time.c.obj
                0x000000001000052c                timer_pool_entry_comparator
 .text.sev_callback
                0x0000000010000560        0x8 CMakeFiles/main.dir/_deps/pico_sdk-src/src/common/pico_time/time.c.obj
 .text.add_alarm_under_lock
                0x0000000010000568      0x128 CMakeFiles/main.dir/_deps/pico_sdk-src/src/common/pico_time/time.c.obj
 .text.alarm_pool_alarm_callback
                0x0000000010000690      0x1c8 CMakeFiles/main.dir/_deps/pico_sdk-src/src/common/pico_time/time.c.obj
 .text.alarm_pool_add_alarm_at.constprop.0
                0x0000000010000858      0x120 CMakeFiles/main.dir/_deps/pico_sdk-src/src/common/pico_time/time.c.obj
 .text.alarm_pool_init_default
                0x0000000010000978       0x78 CMakeFiles/main.dir/_deps/pico_sdk-src/src/common/pico_time/time.c.obj
                0x0000000010000978                alarm_pool_init_default
 .text.alarm_pool_get_default
                0x00000000100009f0        0xc CMakeFiles/main.dir/_deps/pico_sdk-src/src/common/pico_time/time.c.obj
                0x00000000100009f0                alarm_pool_get_default
 .text.alarm_pool_add_alarm_at
                0x00000000100009fc      0x1b4 CMakeFiles/main.dir/_deps/pico_sdk-src/src/common/pico_time/time.c.obj
                0x00000000100009fc                alarm_pool_add_alarm_at
 .text.alarm_pool_cancel_alarm
                0x0000000010000bb0       0x70 CMakeFiles/main.dir/_deps/pico_sdk-src/src/common/pico_time/time.c.obj
                0x0000000010000bb0                alarm_pool_cancel_alarm
 .text.sleep_ms
                0x0000000010000c20       0xa8 CMakeFiles/main.dir/_deps/pico_sdk-src/src/common/pico_time/time.c.obj
                0x0000000010000c20                sleep_ms
 .text.best_effort_wfe_or_timeout
                0x0000000010000cc8       0x44 CMakeFiles/main.dir/_deps/pico_sdk-src/src/common/pico_time/time.c.obj
                0x0000000010000cc8                best_effort_wfe_or_timeout
 .text.hardware_alarm_irq_handler
                0x0000000010000d0c       0xb8 CMakeFiles/main.dir/_deps/pico_sdk-src/src/rp2_common/hardware_timer/timer.c.obj
 .text.hardware_alarm_claim
                0x0000000010000dc4       0x18 CMakeFiles/main.dir/_deps/pico_sdk-src/src/rp2_common/hardware_timer/timer.c.obj
                0x0000000010000dc4                hardware_alarm_claim
 .text.time_us_64
                0x0000000010000ddc       0x14 CMakeFiles/main.dir/_deps/pico_sdk-src/src/rp2_common/hardware_timer/timer.c.obj
                0x0000000010000ddc                time_us_64
 .text.busy_wait_until
                0x0000000010000df0       0x20 CMakeFiles/main.dir/_deps/pico_sdk-src/src/rp2_common/hardware_timer/timer.c.obj
                0x0000000010000df0                busy_wait_until
 .text.hardware_alarm_set_callback
                0x0000000010000e10       0x8c CMakeFiles/main.dir/_deps/pico_sdk-src/src/rp2_common/hardware_timer/timer.c.obj
                0x0000000010000e10                hardware_alarm_set_callback
 .text.hardware_alarm_set_target
                0x0000000010000e9c       0xc4 CMakeFiles/main.dir/_deps/pico_sdk-src/src/rp2_common/hardware_timer/timer.c.obj
                0x0000000010000e9c                hardware_alarm_set_target
 .text.hardware_alarm_cancel
                0x0000000010000f60       0x40 CMakeFiles/main.dir/_deps/pico_sdk-src/src/rp2_common/hardware_timer/timer.c.obj
                0x0000000010000f60                hardware_alarm_cancel
 .text.lock_init
                0x0000000010000fa0       0x10 CMakeFiles/main.dir/_deps/pico_sdk-src/src/common/pico_sync/lock_core.c.obj
                0x0000000010000fa0                lock_init
 .text.mutex_init
                0x0000000010000fb0       0x1c CMakeFiles/main.dir/_deps/pico_sdk-src/src/common/pico_sync/mutex.c.obj
                0x0000000010000fb0                mutex_init
 .text.critical_section_init
                0x0000000010000fcc       0x18 CMakeFiles/main.dir/_deps/pico_sdk-src/src/common/pico_sync/critical_section.c.obj
                0x0000000010000fcc                critical_section_init
 .text.ph_merge_nodes
                0x0000000010000fe4       0x68 CMakeFiles/main.dir/_deps/pico_sdk-src/src/common/pico_util/pheap.c.obj
 .text.ph_create
                0x000000001000104c       0x64 CMakeFiles/main.dir/_deps/pico_sdk-src/src/common/pico_util/pheap.c.obj
                0x000000001000104c                ph_create
 .text.ph_merge_two_pass
                0x00000000100010b0       0x90 CMakeFiles/main.dir/_deps/pico_sdk-src/src/common/pico_util/pheap.c.obj
                0x00000000100010b0                ph_merge_two_pass
 .text.ph_remove_any_head
                0x0000000010001140       0xf8 CMakeFiles/main.dir/_deps/pico_sdk-src/src/common/pico_util/pheap.c.obj
 .text.ph_remove_head_reserve
                0x0000000010001238      0x13c CMakeFiles/main.dir/_deps/pico_sdk-src/src/common/pico_util/pheap.c.obj
                0x0000000010001238                ph_remove_head_reserve
 .text.ph_delete
                0x0000000010001374       0x7c CMakeFiles/main.dir/_deps/pico_sdk-src/src/common/pico_util/pheap.c.obj
                0x0000000010001374                ph_delete
 .text.runtime_init
                0x00000000100013f0       0xec CMakeFiles/main.dir/_deps/pico_sdk-src/src/rp2_common/pico_runtime/runtime.c.obj
                0x00000000100013f0                runtime_init
 .text._sbrk    0x00000000100014dc       0x34 CMakeFiles/main.dir/_deps/pico_sdk-src/src/rp2_common/pico_runtime/runtime.c.obj
                0x00000000100014dc                _sbrk
 .text.exit     0x0000000010001510        0x4 CMakeFiles/main.dir/_deps/pico_sdk-src/src/rp2_common/pico_runtime/runtime.c.obj
                0x0000000010001510                exit
 .text.panic    0x0000000010001514       0x30 CMakeFiles/main.dir/_deps/pico_sdk-src/src/rp2_common/pico_runtime/runtime.c.obj
                0x0000000010001514                panic
 .text.hard_assertion_failure
                0x0000000010001544        0xc CMakeFiles/main.dir/_deps/pico_sdk-src/src/rp2_common/pico_runtime/runtime.c.obj
                0x0000000010001544                hard_assertion_failure
 .text.clocks_init
                0x0000000010001550      0x2e0 CMakeFiles/main.dir/_deps/pico_sdk-src/src/rp2_common/hardware_clocks/clocks.c.obj
                0x0000000010001550                clocks_init
 .text.watchdog_start_tick
                0x0000000010001830       0x10 CMakeFiles/main.dir/_deps/pico_sdk-src/src/rp2_common/hardware_watchdog/watchdog.c.obj
                0x0000000010001830                watchdog_start_tick
 .text.xosc_init
                0x0000000010001840       0x28 CMakeFiles/main.dir/_deps/pico_sdk-src/src/rp2_common/hardware_xosc/xosc.c.obj
                0x0000000010001840                xosc_init
 .text.pll_init
                0x0000000010001868       0x54 CMakeFiles/main.dir/_deps/pico_sdk-src/src/rp2_common/hardware_pll/pll.c.obj
                0x0000000010001868                pll_init
 .text.irq_set_enabled
                0x00000000100018bc       0x24 CMakeFiles/main.dir/_deps/pico_sdk-src/src/rp2_common/hardware_irq/irq.c.obj
                0x00000000100018bc                irq_set_enabled
 .text.irq_set_pending
                0x00000000100018e0       0x10 CMakeFiles/main.dir/_deps/pico_sdk-src/src/rp2_common/hardware_irq/irq.c.obj
                0x00000000100018e0                irq_set_pending
 .text.irq_get_vtable_handler
                0x00000000100018f0       0x10 CMakeFiles/main.dir/_deps/pico_sdk-src/src/rp2_common/hardware_irq/irq.c.obj
                0x00000000100018f0                irq_get_vtable_handler
 .text.irq_set_exclusive_handler
                0x0000000010001900       0x54 CMakeFiles/main.dir/_deps/pico_sdk-src/src/rp2_common/hardware_irq/irq.c.obj
                0x0000000010001900                irq_set_exclusive_handler
 .text.irq_remove_handler
                0x0000000010001954      0x1c4 CMakeFiles/main.dir/_deps/pico_sdk-src/src/rp2_common/hardware_irq/irq.c.obj
                0x0000000010001954                irq_remove_handler
 .text.irq_add_tail_to_free_list
                0x0000000010001b18       0xbc CMakeFiles/main.dir/_deps/pico_sdk-src/src/rp2_common/hardware_irq/irq.c.obj
                0x0000000010001b18                irq_add_tail_to_free_list
 .text.irq_init_priorities
                0x0000000010001bd4       0x38 CMakeFiles/main.dir/_deps/pico_sdk-src/src/rp2_common/hardware_irq/irq.c.obj
                0x0000000010001bd4                irq_init_priorities
 .text._out_null
                0x0000000010001c0c        0x4 CMakeFiles/main.dir/_deps/pico_sdk-src/src/rp2_common/pico_printf/printf.c.obj
 .text._out_rev
                0x0000000010001c10       0xd0 CMakeFiles/main.dir/_deps/pico_sdk-src/src/rp2_common/pico_printf/printf.c.obj
 .text._ntoa_format
                0x0000000010001ce0      0x1d0 CMakeFiles/main.dir/_deps/pico_sdk-src/src/rp2_common/pico_printf/printf.c.obj
 .text._out_char
                0x0000000010001eb0       0x10 CMakeFiles/main.dir/_deps/pico_sdk-src/src/rp2_common/pico_printf/printf.c.obj
 .text._out_fct
                0x0000000010001ec0       0x10 CMakeFiles/main.dir/_deps/pico_sdk-src/src/rp2_common/pico_printf/printf.c.obj
 .text._etoa    0x0000000010001ed0      0x44c CMakeFiles/main.dir/_deps/pico_sdk-src/src/rp2_common/pico_printf/printf.c.obj
 .text._ftoa    0x000000001000231c      0x3e0 CMakeFiles/main.dir/_deps/pico_sdk-src/src/rp2_common/pico_printf/printf.c.obj
 .text._vsnprintf
                0x00000000100026fc      0xb08 CMakeFiles/main.dir/_deps/pico_sdk-src/src/rp2_common/pico_printf/printf.c.obj
 .text.vfctprintf
                0x0000000010003204       0x20 CMakeFiles/main.dir/_deps/pico_sdk-src/src/rp2_common/pico_printf/printf.c.obj
                0x0000000010003204                vfctprintf
 .text.weak_raw_vprintf
                0x0000000010003224       0x30 CMakeFiles/main.dir/_deps/pico_sdk-src/src/rp2_common/pico_printf/printf.c.obj
                0x0000000010003224                weak_raw_vprintf
 .text          0x0000000010003254       0x10 CMakeFiles/main.dir/_deps/pico_sdk-src/src/rp2_common/pico_bit_ops/bit_ops_aeabi.S.obj
 .text.rom_func_lookup
                0x0000000010003264       0x10 CMakeFiles/main.dir/_deps/pico_sdk-src/src/rp2_common/pico_bootrom/bootrom.c.obj
                0x0000000010003264                rom_func_lookup
 .text.rom_data_lookup
                0x0000000010003274       0x10 CMakeFiles/main.dir/_deps/pico_sdk-src/src/rp2_common/pico_bootrom/bootrom.c.obj
                0x0000000010003274                rom_data_lookup
 .text.rom_funcs_lookup
                0x0000000010003284       0x3c CMakeFiles/main.dir/_deps/pico_sdk-src/src/rp2_common/pico_bootrom/bootrom.c.obj
                0x0000000010003284                rom_funcs_lookup
 .text.__wrap___aeabi_idiv
                0x00000000100032c0       0x58 CMakeFiles/main.dir/_deps/pico_sdk-src/src/rp2_common/pico_divider/divider.S.obj
                0x00000000100032c0                __wrap___aeabi_idivmod
                0x00000000100032c0                divmod_s32s32
                0x00000000100032c0                div_s32s32
                0x00000000100032c0                __wrap___aeabi_idiv
                0x00000000100032c8                divmod_s32s32_unsafe
                0x00000000100032f4                divmod_s32s32_savestate
 .text.__wrap___aeabi_uidiv
                0x0000000010003318       0x54 CMakeFiles/main.dir/_deps/pico_sdk-src/src/rp2_common/pico_divider/divider.S.obj
                0x0000000010003318                __wrap___aeabi_uidiv
                0x0000000010003318                __wrap___aeabi_uidivmod
                0x0000000010003318                div_u32u32
                0x0000000010003318                divmod_u32u32
                0x0000000010003320                divmod_u32u32_unsafe
                0x0000000010003348                divmod_u32u32_savestate
 .text.__wrap___aeabi_ldiv
                0x000000001000336c      0x430 CMakeFiles/main.dir/_deps/pico_sdk-src/src/rp2_common/pico_divider/divider.S.obj
                0x000000001000336c                div_s64s64
                0x000000001000336c                divmod_s64s64
                0x000000001000336c                __wrap___aeabi_ldivmod
                0x00000000100033a4                div_u64u64
                0x00000000100033a4                divmod_u64u64
                0x00000000100033a4                __wrap___aeabi_uldivmod
                0x00000000100033b4                divmod_u64u64_savestate
                0x00000000100033dc                divmod_s64s64_unsafe
                0x0000000010003464                divmod_u64u64_unsafe
 .text.__wrap___aeabi_darithmetic
                0x000000001000379c       0x54 CMakeFiles/main.dir/_deps/pico_sdk-src/src/rp2_common/pico_double/double_aeabi.S.obj
                0x000000001000379c                __wrap___aeabi_drsub
                0x00000000100037a2                __wrap___aeabi_dsub
                0x00000000100037b4                __wrap___aeabi_dadd
                0x00000000100037c6                __wrap___aeabi_ddiv
                0x00000000100037d8                __wrap___aeabi_dmul
 .text.__wrap___aeabi_cdcmple
                0x00000000100037f0       0x6c CMakeFiles/main.dir/_deps/pico_sdk-src/src/rp2_common/pico_double/double_aeabi.S.obj
                0x00000000100037f0                __wrap___aeabi_cdrcmple
                0x0000000010003800                __wrap___aeabi_cdcmple
                0x0000000010003800                __wrap___aeabi_cdcmpeq
 .text.__wrap___aeabi_dcmplt
                0x000000001000385c        0xc CMakeFiles/main.dir/_deps/pico_sdk-src/src/rp2_common/pico_double/double_aeabi.S.obj
                0x000000001000385c                __wrap___aeabi_dcmplt
 .text.__wrap___aeabi_dcmple
                0x0000000010003868       0x10 CMakeFiles/main.dir/_deps/pico_sdk-src/src/rp2_common/pico_double/double_aeabi.S.obj
                0x0000000010003868                __wrap___aeabi_dcmple
 .text.__wrap___aeabi_dcmpge
                0x0000000010003878       0x10 CMakeFiles/main.dir/_deps/pico_sdk-src/src/rp2_common/pico_double/double_aeabi.S.obj
                0x0000000010003878                __wrap___aeabi_dcmpge
 .text.__wrap___aeabi_dcmpgt
                0x0000000010003888        0xa CMakeFiles/main.dir/_deps/pico_sdk-src/src/rp2_common/pico_double/double_aeabi.S.obj
                0x0000000010003888                __wrap___aeabi_dcmpgt
 .text.__wrap___aeabi_dcmpun
                0x0000000010003892       0x1c CMakeFiles/main.dir/_deps/pico_sdk-src/src/rp2_common/pico_double/double_aeabi.S.obj
                0x0000000010003892                __wrap___aeabi_dcmpun
 *fill*         0x00000000100038ae        0x2 
 .text.__wrap___aeabi_i2d
                0x00000000100038b0       0x38 CMakeFiles/main.dir/_deps/pico_sdk-src/src/rp2_common/pico_double/double_aeabi.S.obj
                0x00000000100038b0                __wrap___aeabi_ui2d
                0x00000000100038b8                __wrap___aeabi_i2d
 .text.__wrap___aeabi_d2iz
                0x00000000100038e8       0x48 CMakeFiles/main.dir/_deps/pico_sdk-src/src/rp2_common/pico_double/double_aeabi.S.obj
                0x00000000100038e8                __wrap___aeabi_d2iz
                0x00000000100038e8                double2int_z
 .text.__wrap___aeabi_d2uiz
                0x0000000010003930       0x18 CMakeFiles/main.dir/_deps/pico_sdk-src/src/rp2_common/pico_double/double_aeabi.S.obj
                0x0000000010003930                double2uint
                0x0000000010003930                __wrap___aeabi_d2uiz
 .text.__aeabi_double_init
                0x0000000010003948       0xac CMakeFiles/main.dir/_deps/pico_sdk-src/src/rp2_common/pico_double/double_init_rom.c.obj
                0x0000000010003948                __aeabi_double_init
 .text.double_table_shim_on_use_helper
                0x00000000100039f4       0x2c CMakeFiles/main.dir/_deps/pico_sdk-src/src/rp2_common/pico_double/double_v1_rom_shim.S.obj
                0x00000000100039f4                double_table_shim_on_use_helper
 .text.__wrap___aeabi_dsub
                0x0000000010003a20       0x10 CMakeFiles/main.dir/_deps/pico_sdk-src/src/rp2_common/pico_double/double_v1_rom_shim.S.obj
                0x0000000010003a20                drsub_shim
                0x0000000010003a26                dsub_shim
 .text.dadd_shim
                0x0000000010003a30      0x15c CMakeFiles/main.dir/_deps/pico_sdk-src/src/rp2_common/pico_double/double_v1_rom_shim.S.obj
                0x0000000010003a30                dadd_shim
 .text.dmul_shim
                0x0000000010003b8c      0x15c CMakeFiles/main.dir/_deps/pico_sdk-src/src/rp2_common/pico_double/double_v1_rom_shim.S.obj
                0x0000000010003b8c                dmul_shim
 .text.ddiv_shim
                0x0000000010003ce8      0x1b0 CMakeFiles/main.dir/_deps/pico_sdk-src/src/rp2_common/pico_double/double_v1_rom_shim.S.obj
                0x0000000010003ce8                ddiv_shim
 .text.dcordic_rot_step
                0x0000000010003e98       0x7c CMakeFiles/main.dir/_deps/pico_sdk-src/src/rp2_common/pico_double/double_v1_rom_shim.S.obj
                0x0000000010003e98                dcordic_rot_step
 .text.double2uint_shim
                0x0000000010003f14        0xe CMakeFiles/main.dir/_deps/pico_sdk-src/src/rp2_common/pico_double/double_v1_rom_shim.S.obj
                0x0000000010003f14                double2uint_shim
                0x0000000010003f16                double2ufix_shim
 *fill*         0x0000000010003f22        0x2 
 .text.double2uint64_shim
                0x0000000010003f24       0x6c CMakeFiles/main.dir/_deps/pico_sdk-src/src/rp2_common/pico_double/double_v1_rom_shim.S.obj
                0x0000000010003f24                double2uint64_shim
                0x0000000010003f26                double2ufix64_shim
                0x0000000010003f40                d2fix_a
 .text.dunpacks
                0x0000000010003f90       0x3c CMakeFiles/main.dir/_deps/pico_sdk-src/src/rp2_common/pico_double/double_v1_rom_shim.S.obj
                0x0000000010003f90                dunpacks
 .text.__aeabi_lmul
                0x0000000010003fcc       0x32 CMakeFiles/main.dir/_deps/pico_sdk-src/src/rp2_common/pico_int64_ops/pico_int64_ops_aeabi.S.obj
                0x0000000010003fcc                __wrap___aeabi_lmul
 *fill*         0x0000000010003ffe        0x2 
 .text.__aeabi_float_init
                0x0000000010004000       0x64 CMakeFiles/main.dir/_deps/pico_sdk-src/src/rp2_common/pico_float/float_init_rom.c.obj
                0x0000000010004000                __aeabi_float_init
 .text.float_table_shim_on_use_helper
                0x0000000010004064       0x2c CMakeFiles/main.dir/_deps/pico_sdk-src/src/rp2_common/pico_float/float_v1_rom_shim.S.obj
                0x0000000010004064                float_table_shim_on_use_helper
 .text.__wrap_malloc
                0x0000000010004090        0x8 CMakeFiles/main.dir/_deps/pico_sdk-src/src/rp2_common/pico_malloc/pico_malloc.c.obj
                0x0000000010004090                __wrap_malloc
 .text.__wrap_calloc
                0x0000000010004098        0x8 CMakeFiles/main.dir/_deps/pico_sdk-src/src/rp2_common/pico_malloc/pico_malloc.c.obj
                0x0000000010004098                __wrap_calloc
 .text          0x00000000100040a0       0x10 CMakeFiles/main.dir/_deps/pico_sdk-src/src/rp2_common/pico_mem_ops/mem_ops_aeabi.S.obj
                0x00000000100040a0                __aeabi_mem_init
 .text.memset   0x00000000100040b0        0xc CMakeFiles/main.dir/_deps/pico_sdk-src/src/rp2_common/pico_mem_ops/mem_ops_aeabi.S.obj
                0x00000000100040b0                __wrap_memset
 .text.memcpy   0x00000000100040bc        0xc CMakeFiles/main.dir/_deps/pico_sdk-src/src/rp2_common/pico_mem_ops/mem_ops_aeabi.S.obj
                0x00000000100040bc                __wrap___aeabi_memcpy
                0x00000000100040bc                __wrap_memcpy
 .text.stdio_out_chars_crlf.part.0
                0x00000000100040c8       0x84 CMakeFiles/main.dir/_deps/pico_sdk-src/src/rp2_common/pico_stdio/stdio.c.obj
 .text.stdio_buffered_printer
                0x000000001000414c       0x78 CMakeFiles/main.dir/_deps/pico_sdk-src/src/rp2_common/pico_stdio/stdio.c.obj
 .text.stdio_put_string
                0x00000000100041c4      0x100 CMakeFiles/main.dir/_deps/pico_sdk-src/src/rp2_common/pico_stdio/stdio.c.obj
 .text.__wrap_putchar
                0x00000000100042c4       0x1c CMakeFiles/main.dir/_deps/pico_sdk-src/src/rp2_common/pico_stdio/stdio.c.obj
                0x00000000100042c4                __wrap_putchar
 .text.__wrap_puts
                0x00000000100042e0       0x3c CMakeFiles/main.dir/_deps/pico_sdk-src/src/rp2_common/pico_stdio/stdio.c.obj
                0x00000000100042e0                __wrap_puts
 .text.stdio_set_driver_enabled
                0x000000001000431c       0x3c CMakeFiles/main.dir/_deps/pico_sdk-src/src/rp2_common/pico_stdio/stdio.c.obj
                0x000000001000431c                stdio_set_driver_enabled
 .text.__wrap_vprintf
                0x0000000010004358       0xe8 CMakeFiles/main.dir/_deps/pico_sdk-src/src/rp2_common/pico_stdio/stdio.c.obj
                0x0000000010004358                __wrap_vprintf
 .text.__wrap_printf
                0x0000000010004440       0x18 CMakeFiles/main.dir/_deps/pico_sdk-src/src/rp2_common/pico_stdio/stdio.c.obj
                0x0000000010004440                __wrap_printf
 .text.stdio_init_all
                0x0000000010004458        0x8 CMakeFiles/main.dir/_deps/pico_sdk-src/src/rp2_common/pico_stdio/stdio.c.obj
                0x0000000010004458                stdio_init_all
 .text.stdio_usb_in_chars
                0x0000000010004460       0x68 CMakeFiles/main.dir/_deps/pico_sdk-src/src/rp2_common/pico_stdio_usb/stdio_usb.c.obj
                0x0000000010004460                stdio_usb_in_chars
 .text.stdio_usb_out_chars
                0x00000000100044c8       0xec CMakeFiles/main.dir/_deps/pico_sdk-src/src/rp2_common/pico_stdio_usb/stdio_usb.c.obj
 .text.timer_task
                0x00000000100045b4       0x10 CMakeFiles/main.dir/_deps/pico_sdk-src/src/rp2_common/pico_stdio_usb/stdio_usb.c.obj
 .text.low_priority_worker_irq
                0x00000000100045c4       0x24 CMakeFiles/main.dir/_deps/pico_sdk-src/src/rp2_common/pico_stdio_usb/stdio_usb.c.obj
 .text.stdio_usb_init
                0x00000000100045e8       0x90 CMakeFiles/main.dir/_deps/pico_sdk-src/src/rp2_common/pico_stdio_usb/stdio_usb.c.obj
                0x00000000100045e8                stdio_usb_init
 .text.tud_descriptor_device_cb
                0x0000000010004678        0x8 CMakeFiles/main.dir/_deps/pico_sdk-src/src/rp2_common/pico_stdio_usb/stdio_usb_descriptors.c.obj
                0x0000000010004678                tud_descriptor_device_cb
 .text.tud_descriptor_configuration_cb
                0x0000000010004680        0x8 CMakeFiles/main.dir/_deps/pico_sdk-src/src/rp2_common/pico_stdio_usb/stdio_usb_descriptors.c.obj
                0x0000000010004680                tud_descriptor_configuration_cb
 .text.tud_descriptor_string_cb
                0x0000000010004688       0x5c CMakeFiles/main.dir/_deps/pico_sdk-src/src/rp2_common/pico_stdio_usb/stdio_usb_descriptors.c.obj
                0x0000000010004688                tud_descriptor_string_cb
 .text.dcd_rp2040_irq
                0x00000000100046e4      0x130 CMakeFiles/main.dir/_deps/pico_sdk-src/lib/tinyusb/src/portable/raspberrypi/rp2040/dcd_rp2040.c.obj
 .text.dcd_int_enable
                0x0000000010004814        0xc CMakeFiles/main.dir/_deps/pico_sdk-src/lib/tinyusb/src/portable/raspberrypi/rp2040/dcd_rp2040.c.obj
                0x0000000010004814                dcd_int_enable
 .text.dcd_set_address
                0x0000000010004820       0x30 CMakeFiles/main.dir/_deps/pico_sdk-src/lib/tinyusb/src/portable/raspberrypi/rp2040/dcd_rp2040.c.obj
                0x0000000010004820                dcd_set_address
 .text.dcd_connect
                0x0000000010004850       0x10 CMakeFiles/main.dir/_deps/pico_sdk-src/lib/tinyusb/src/portable/raspberrypi/rp2040/dcd_rp2040.c.obj
                0x0000000010004850                dcd_connect
 .text.dcd_init
                0x0000000010004860       0xb0 CMakeFiles/main.dir/_deps/pico_sdk-src/lib/tinyusb/src/portable/raspberrypi/rp2040/dcd_rp2040.c.obj
                0x0000000010004860                dcd_init
 .text.dcd_edpt0_status_complete
                0x0000000010004910       0x38 CMakeFiles/main.dir/_deps/pico_sdk-src/lib/tinyusb/src/portable/raspberrypi/rp2040/dcd_rp2040.c.obj
                0x0000000010004910                dcd_edpt0_status_complete
 .text.dcd_edpt_open
                0x0000000010004948      0x148 CMakeFiles/main.dir/_deps/pico_sdk-src/lib/tinyusb/src/portable/raspberrypi/rp2040/dcd_rp2040.c.obj
                0x0000000010004948                dcd_edpt_open
 .text.dcd_edpt_xfer
                0x0000000010004a90       0x2c CMakeFiles/main.dir/_deps/pico_sdk-src/lib/tinyusb/src/portable/raspberrypi/rp2040/dcd_rp2040.c.obj
                0x0000000010004a90                dcd_edpt_xfer
 .text.dcd_edpt_stall
                0x0000000010004abc       0x50 CMakeFiles/main.dir/_deps/pico_sdk-src/lib/tinyusb/src/portable/raspberrypi/rp2040/dcd_rp2040.c.obj
                0x0000000010004abc                dcd_edpt_stall
 .text.dcd_edpt_clear_stall
                0x0000000010004b0c       0x50 CMakeFiles/main.dir/_deps/pico_sdk-src/lib/tinyusb/src/portable/raspberrypi/rp2040/dcd_rp2040.c.obj
                0x0000000010004b0c                dcd_edpt_clear_stall
 .text.rp2040_usb_init
                0x0000000010004b5c       0x50 CMakeFiles/main.dir/_deps/pico_sdk-src/lib/tinyusb/src/portable/raspberrypi/rp2040/rp2040_usb.c.obj
                0x0000000010004b5c                rp2040_usb_init
 .text.hw_endpoint_reset_transfer
                0x0000000010004bac       0x14 CMakeFiles/main.dir/_deps/pico_sdk-src/lib/tinyusb/src/portable/raspberrypi/rp2040/rp2040_usb.c.obj
                0x0000000010004bac                hw_endpoint_reset_transfer
 .text._hw_endpoint_buffer_control_update32
                0x0000000010004bc0       0x54 CMakeFiles/main.dir/_deps/pico_sdk-src/lib/tinyusb/src/portable/raspberrypi/rp2040/rp2040_usb.c.obj
                0x0000000010004bc0                _hw_endpoint_buffer_control_update32
 .text._hw_endpoint_xfer_continue
                0x0000000010004c14      0x10c CMakeFiles/main.dir/_deps/pico_sdk-src/lib/tinyusb/src/portable/raspberrypi/rp2040/rp2040_usb.c.obj
                0x0000000010004c14                _hw_endpoint_xfer_continue
 .text._hw_endpoint_xfer
                0x0000000010004d20       0xc0 CMakeFiles/main.dir/_deps/pico_sdk-src/lib/tinyusb/src/portable/raspberrypi/rp2040/rp2040_usb.c.obj
                0x0000000010004d20                _hw_endpoint_xfer
 .text.tud_mounted
                0x0000000010004de0       0x10 CMakeFiles/main.dir/_deps/pico_sdk-src/lib/tinyusb/src/device/usbd.c.obj
                0x0000000010004de0                tud_mounted
 .text.tud_suspended
                0x0000000010004df0       0x10 CMakeFiles/main.dir/_deps/pico_sdk-src/lib/tinyusb/src/device/usbd.c.obj
                0x0000000010004df0                tud_suspended
 .text.tud_init
                0x0000000010004e00       0xb0 CMakeFiles/main.dir/_deps/pico_sdk-src/lib/tinyusb/src/device/usbd.c.obj
                0x0000000010004e00                tud_init
 .text.tud_task
                0x0000000010004eb0      0x80c CMakeFiles/main.dir/_deps/pico_sdk-src/lib/tinyusb/src/device/usbd.c.obj
                0x0000000010004eb0                tud_task
 .text.dcd_event_bus_signal
                0x00000000100056bc       0xe0 CMakeFiles/main.dir/_deps/pico_sdk-src/lib/tinyusb/src/device/usbd.c.obj
                0x00000000100056bc                dcd_event_bus_signal
 .text.dcd_event_setup_received
                0x000000001000579c       0x50 CMakeFiles/main.dir/_deps/pico_sdk-src/lib/tinyusb/src/device/usbd.c.obj
                0x000000001000579c                dcd_event_setup_received
 .text.dcd_event_xfer_complete
                0x00000000100057ec       0x68 CMakeFiles/main.dir/_deps/pico_sdk-src/lib/tinyusb/src/device/usbd.c.obj
                0x00000000100057ec                dcd_event_xfer_complete
 .text.usbd_open_edpt_pair
                0x0000000010005854       0x68 CMakeFiles/main.dir/_deps/pico_sdk-src/lib/tinyusb/src/device/usbd.c.obj
                0x0000000010005854                usbd_open_edpt_pair
 .text.usbd_edpt_open
                0x00000000100058bc        0x8 CMakeFiles/main.dir/_deps/pico_sdk-src/lib/tinyusb/src/device/usbd.c.obj
                0x00000000100058bc                usbd_edpt_open
 .text.usbd_edpt_claim
                0x00000000100058c4       0x64 CMakeFiles/main.dir/_deps/pico_sdk-src/lib/tinyusb/src/device/usbd.c.obj
                0x00000000100058c4                usbd_edpt_claim
 .text.usbd_edpt_release
                0x0000000010005928       0x4c CMakeFiles/main.dir/_deps/pico_sdk-src/lib/tinyusb/src/device/usbd.c.obj
                0x0000000010005928                usbd_edpt_release
 .text.usbd_edpt_xfer
                0x0000000010005974       0x48 CMakeFiles/main.dir/_deps/pico_sdk-src/lib/tinyusb/src/device/usbd.c.obj
                0x0000000010005974                usbd_edpt_xfer
 .text.tud_control_status
                0x00000000100059bc       0x30 CMakeFiles/main.dir/_deps/pico_sdk-src/lib/tinyusb/src/device/usbd_control.c.obj
                0x00000000100059bc                tud_control_status
 .text.tud_control_xfer
                0x00000000100059ec       0xb8 CMakeFiles/main.dir/_deps/pico_sdk-src/lib/tinyusb/src/device/usbd_control.c.obj
                0x00000000100059ec                tud_control_xfer
 .text.usbd_control_reset
                0x0000000010005aa4       0x14 CMakeFiles/main.dir/_deps/pico_sdk-src/lib/tinyusb/src/device/usbd_control.c.obj
                0x0000000010005aa4                usbd_control_reset
 .text.usbd_control_set_complete_callback
                0x0000000010005ab8        0xc CMakeFiles/main.dir/_deps/pico_sdk-src/lib/tinyusb/src/device/usbd_control.c.obj
                0x0000000010005ab8                usbd_control_set_complete_callback
 .text.usbd_control_set_request
                0x0000000010005ac4       0x1c CMakeFiles/main.dir/_deps/pico_sdk-src/lib/tinyusb/src/device/usbd_control.c.obj
                0x0000000010005ac4                usbd_control_set_request
 .text.usbd_control_xfer_cb
                0x0000000010005ae0       0xe8 CMakeFiles/main.dir/_deps/pico_sdk-src/lib/tinyusb/src/device/usbd_control.c.obj
                0x0000000010005ae0                usbd_control_xfer_cb
 .text.tud_cdc_n_connected
                0x0000000010005bc8       0x34 CMakeFiles/main.dir/_deps/pico_sdk-src/lib/tinyusb/src/class/cdc/cdc_device.c.obj
                0x0000000010005bc8                tud_cdc_n_connected
 .text.tud_cdc_n_available
                0x0000000010005bfc       0x20 CMakeFiles/main.dir/_deps/pico_sdk-src/lib/tinyusb/src/class/cdc/cdc_device.c.obj
                0x0000000010005bfc                tud_cdc_n_available
 .text.tud_cdc_n_read
                0x0000000010005c1c       0x74 CMakeFiles/main.dir/_deps/pico_sdk-src/lib/tinyusb/src/class/cdc/cdc_device.c.obj
                0x0000000010005c1c                tud_cdc_n_read
 .text.tud_cdc_n_write_flush
                0x0000000010005c90       0xa4 CMakeFiles/main.dir/_deps/pico_sdk-src/lib/tinyusb/src/class/cdc/cdc_device.c.obj
                0x0000000010005c90                tud_cdc_n_write_flush
 .text.tud_cdc_n_write
                0x0000000010005d34       0x38 CMakeFiles/main.dir/_deps/pico_sdk-src/lib/tinyusb/src/class/cdc/cdc_device.c.obj
                0x0000000010005d34                tud_cdc_n_write
 .text.tud_cdc_n_write_available
                0x0000000010005d6c       0x20 CMakeFiles/main.dir/_deps/pico_sdk-src/lib/tinyusb/src/class/cdc/cdc_device.c.obj
                0x0000000010005d6c                tud_cdc_n_write_available
 .text.cdcd_init
                0x0000000010005d8c       0x78 CMakeFiles/main.dir/_deps/pico_sdk-src/lib/tinyusb/src/class/cdc/cdc_device.c.obj
                0x0000000010005d8c                cdcd_init
 .text.cdcd_reset
                0x0000000010005e04       0x24 CMakeFiles/main.dir/_deps/pico_sdk-src/lib/tinyusb/src/class/cdc/cdc_device.c.obj
                0x0000000010005e04                cdcd_reset
 .text.cdcd_open
                0x0000000010005e28       0xec CMakeFiles/main.dir/_deps/pico_sdk-src/lib/tinyusb/src/class/cdc/cdc_device.c.obj
                0x0000000010005e28                cdcd_open
 .text.cdcd_control_complete
                0x0000000010005f14       0x44 CMakeFiles/main.dir/_deps/pico_sdk-src/lib/tinyusb/src/class/cdc/cdc_device.c.obj
                0x0000000010005f14                cdcd_control_complete
 .text.cdcd_control_request
                0x0000000010005f58       0x68 CMakeFiles/main.dir/_deps/pico_sdk-src/lib/tinyusb/src/class/cdc/cdc_device.c.obj
                0x0000000010005f58                cdcd_control_request
 .text.cdcd_xfer_cb
                0x0000000010005fc0      0x1b4 CMakeFiles/main.dir/_deps/pico_sdk-src/lib/tinyusb/src/class/cdc/cdc_device.c.obj
                0x0000000010005fc0                cdcd_xfer_cb
 .text.tusb_init
                0x0000000010006174       0x20 CMakeFiles/main.dir/_deps/pico_sdk-src/lib/tinyusb/src/tusb.c.obj
                0x0000000010006174                tusb_init
 .text.tusb_inited
                0x0000000010006194        0xc CMakeFiles/main.dir/_deps/pico_sdk-src/lib/tinyusb/src/tusb.c.obj
                0x0000000010006194                tusb_inited
 .text.tu_fifo_config
                0x00000000100061a0       0x78 CMakeFiles/main.dir/_deps/pico_sdk-src/lib/tinyusb/src/common/tusb_fifo.c.obj
                0x00000000100061a0                tu_fifo_config
 .text.tu_fifo_count
                0x0000000010006218       0x18 CMakeFiles/main.dir/_deps/pico_sdk-src/lib/tinyusb/src/common/tusb_fifo.c.obj
                0x0000000010006218                tu_fifo_count
 .text.tu_fifo_remaining
                0x0000000010006230       0x1c CMakeFiles/main.dir/_deps/pico_sdk-src/lib/tinyusb/src/common/tusb_fifo.c.obj
                0x0000000010006230                tu_fifo_remaining
 .text.tu_fifo_read
                0x000000001000624c       0xa8 CMakeFiles/main.dir/_deps/pico_sdk-src/lib/tinyusb/src/common/tusb_fifo.c.obj
                0x000000001000624c                tu_fifo_read
 .text.tu_fifo_read_n
                0x00000000100062f4       0xf0 CMakeFiles/main.dir/_deps/pico_sdk-src/lib/tinyusb/src/common/tusb_fifo.c.obj
                0x00000000100062f4                tu_fifo_read_n
 .text.tu_fifo_write
                0x00000000100063e4       0x84 CMakeFiles/main.dir/_deps/pico_sdk-src/lib/tinyusb/src/common/tusb_fifo.c.obj
                0x00000000100063e4                tu_fifo_write
 .text.tu_fifo_write_n
                0x0000000010006468       0xfc CMakeFiles/main.dir/_deps/pico_sdk-src/lib/tinyusb/src/common/tusb_fifo.c.obj
                0x0000000010006468                tu_fifo_write_n
 .text.tu_fifo_clear
                0x0000000010006564       0x2c CMakeFiles/main.dir/_deps/pico_sdk-src/lib/tinyusb/src/common/tusb_fifo.c.obj
                0x0000000010006564                tu_fifo_clear
 .text          0x0000000010006590       0x18 /usr/lib/gcc/arm-none-eabi/9.2.1/../../../arm-none-eabi/lib/thumb/v6-m/nofp/libc.a(lib_a-calloc.o)
                0x0000000010006590                calloc
 .text          0x00000000100065a8       0x5c /usr/lib/gcc/arm-none-eabi/9.2.1/../../../arm-none-eabi/lib/thumb/v6-m/nofp/libc.a(lib_a-callocr.o)
                0x00000000100065a8                _calloc_r
 .text          0x0000000010006604       0x28 /usr/lib/gcc/arm-none-eabi/9.2.1/../../../arm-none-eabi/lib/thumb/v6-m/nofp/libc.a(lib_a-malloc.o)
                0x0000000010006604                malloc
                0x0000000010006618                free
 .text          0x000000001000662c      0x58c /usr/lib/gcc/arm-none-eabi/9.2.1/../../../arm-none-eabi/lib/thumb/v6-m/nofp/libc.a(lib_a-mallocr.o)
                0x000000001000662c                _malloc_r
 .text          0x0000000010006bb8        0x8 /usr/lib/gcc/arm-none-eabi/9.2.1/../../../arm-none-eabi/lib/thumb/v6-m/nofp/libc.a(lib_a-mlock.o)
                0x0000000010006bb8                __malloc_lock
                0x0000000010006bbc                __malloc_unlock
 .text          0x0000000010006bc0       0x24 /usr/lib/gcc/arm-none-eabi/9.2.1/../../../arm-none-eabi/lib/thumb/v6-m/nofp/libc.a(lib_a-sbrkr.o)
                0x0000000010006bc0                _sbrk_r
 .text          0x0000000010006be4       0x68 /usr/lib/gcc/arm-none-eabi/9.2.1/../../../arm-none-eabi/lib/thumb/v6-m/nofp/libc.a(lib_a-strlen-stub.o)
                0x0000000010006be4                strlen
 .text          0x0000000010006c4c      0x27c /usr/lib/gcc/arm-none-eabi/9.2.1/../../../arm-none-eabi/lib/thumb/v6-m/nofp/libc.a(lib_a-freer.o)
                0x0000000010006c4c                _malloc_trim_r
                0x0000000010006cec                _free_r
 *(.fini)
 .fini          0x0000000010006ec8        0x4 /usr/lib/gcc/arm-none-eabi/9.2.1/thumb/v6-m/nofp/crti.o
                0x0000000010006ec8                _fini
 *fill*         0x0000000010006ecc        0x4 
 .fini.__stub   0x0000000010006ed0       0x60 linker stubs
 *crtbegin.o(.ctors)
 *crtbegin?.o(.ctors)
 *(EXCLUDE_FILE(*crtend.o *crtend?.o) .ctors)
 *(SORT_BY_NAME(.ctors.*))
 *(.ctors)
 *crtbegin.o(.dtors)
 *crtbegin?.o(.dtors)
 *(EXCLUDE_FILE(*crtend.o *crtend?.o) .dtors)
 *(SORT_BY_NAME(.dtors.*))
 *(.dtors)
 *(.eh_frame*)
 .eh_frame      0x0000000010006f30        0x0 /usr/lib/gcc/arm-none-eabi/9.2.1/thumb/v6-m/nofp/crtbegin.o
                0x0000000010006f30                . = ALIGN (0x4)

.glue_7         0x0000000010006f30        0x0
 .glue_7        0x0000000010006f30        0x0 linker stubs

.glue_7t        0x0000000010006f30        0x0
 .glue_7t       0x0000000010006f30        0x0 linker stubs

.vfp11_veneer   0x0000000010006f30        0x0
 .vfp11_veneer  0x0000000010006f30        0x0 linker stubs

.v4_bx          0x0000000010006f30        0x0
 .v4_bx         0x0000000010006f30        0x0 linker stubs

.iplt           0x0000000010006f30        0x0
 .iplt          0x0000000010006f30        0x0 /usr/lib/gcc/arm-none-eabi/9.2.1/thumb/v6-m/nofp/crtbegin.o

.rodata         0x0000000010006f30      0x524
 *(EXCLUDE_FILE(*libm.a: *libc.a:*lib_a-mem*.o *libgcc.a:) .rodata*)
 .rodata.main.str1.4
                0x0000000010006f30        0xc CMakeFiles/main.dir/main.c.obj
 .rodata.spin_lock_claim_unused.str1.4
                0x0000000010006f3c       0x1b CMakeFiles/main.dir/_deps/pico_sdk-src/src/rp2_common/hardware_sync/sync.c.obj
 *fill*         0x0000000010006f57        0x1 
 .rodata.hardware_alarm_claim.str1.4
                0x0000000010006f58       0x22 CMakeFiles/main.dir/_deps/pico_sdk-src/src/rp2_common/hardware_timer/timer.c.obj
 *fill*         0x0000000010006f7a        0x2 
 .rodata.panic.str1.4
                0x0000000010006f7c       0x12 CMakeFiles/main.dir/_deps/pico_sdk-src/src/rp2_common/pico_runtime/runtime.c.obj
 *fill*         0x0000000010006f8e        0x2 
 .rodata.hard_assertion_failure.str1.4
                0x0000000010006f90        0xc CMakeFiles/main.dir/_deps/pico_sdk-src/src/rp2_common/pico_runtime/runtime.c.obj
 .rodata._ftoa.str1.4
                0x0000000010006f9c       0x15 CMakeFiles/main.dir/_deps/pico_sdk-src/src/rp2_common/pico_printf/printf.c.obj
 *fill*         0x0000000010006fb1        0x3 
 .rodata._vsnprintf
                0x0000000010006fb4      0x1e0 CMakeFiles/main.dir/_deps/pico_sdk-src/src/rp2_common/pico_printf/printf.c.obj
 *fill*         0x0000000010007194        0x4 
 .rodata.pow10.5423
                0x0000000010007198       0x50 CMakeFiles/main.dir/_deps/pico_sdk-src/src/rp2_common/pico_printf/printf.c.obj
 .rodata.str1.4
                0x00000000100071e8       0x2c CMakeFiles/main.dir/_deps/pico_sdk-src/src/rp2_common/pico_standard_link/binary_info.c.obj
 .rodata.__bi_40
                0x0000000010007214        0xc CMakeFiles/main.dir/_deps/pico_sdk-src/src/rp2_common/pico_standard_link/binary_info.c.obj
 .rodata.__bi_71
                0x0000000010007220        0xc CMakeFiles/main.dir/_deps/pico_sdk-src/src/rp2_common/pico_standard_link/binary_info.c.obj
 .rodata.crlf_str.5818
                0x000000001000722c        0x2 CMakeFiles/main.dir/_deps/pico_sdk-src/src/rp2_common/pico_stdio/stdio.c.obj
 *fill*         0x000000001000722e        0x2 
 .rodata.str1.4
                0x0000000010007230       0x13 CMakeFiles/main.dir/_deps/pico_sdk-src/src/rp2_common/pico_stdio_usb/stdio_usb.c.obj
 *fill*         0x0000000010007243        0x1 
 .rodata.__bi_93.6981
                0x0000000010007244        0xc CMakeFiles/main.dir/_deps/pico_sdk-src/src/rp2_common/pico_stdio_usb/stdio_usb.c.obj
 .rodata.str1.4
                0x0000000010007250       0x32 CMakeFiles/main.dir/_deps/pico_sdk-src/src/rp2_common/pico_stdio_usb/stdio_usb_descriptors.c.obj
 *fill*         0x0000000010007282        0x2 
 .rodata.usbd_desc_cfg
                0x0000000010007284       0x4b CMakeFiles/main.dir/_deps/pico_sdk-src/src/rp2_common/pico_stdio_usb/stdio_usb_descriptors.c.obj
 *fill*         0x00000000100072cf        0x1 
 .rodata.usbd_desc_device
                0x00000000100072d0       0x12 CMakeFiles/main.dir/_deps/pico_sdk-src/src/rp2_common/pico_stdio_usb/stdio_usb_descriptors.c.obj
 *fill*         0x00000000100072e2        0x2 
 .rodata.usbd_desc_str
                0x00000000100072e4       0x14 CMakeFiles/main.dir/_deps/pico_sdk-src/src/rp2_common/pico_stdio_usb/stdio_usb_descriptors.c.obj
 .rodata.dcd_rp2040_irq.str1.4
                0x00000000100072f8       0x14 CMakeFiles/main.dir/_deps/pico_sdk-src/lib/tinyusb/src/portable/raspberrypi/rp2040/dcd_rp2040.c.obj
 .rodata.dcd_edpt_open.str1.4
                0x000000001000730c       0x28 CMakeFiles/main.dir/_deps/pico_sdk-src/lib/tinyusb/src/portable/raspberrypi/rp2040/dcd_rp2040.c.obj
 .rodata._hw_endpoint_buffer_control_update32.str1.4
                0x0000000010007334       0x1f CMakeFiles/main.dir/_deps/pico_sdk-src/lib/tinyusb/src/portable/raspberrypi/rp2040/rp2040_usb.c.obj
 *fill*         0x0000000010007353        0x1 
 .rodata._hw_endpoint_xfer_continue.str1.4
                0x0000000010007354       0x50 CMakeFiles/main.dir/_deps/pico_sdk-src/lib/tinyusb/src/portable/raspberrypi/rp2040/rp2040_usb.c.obj
 .rodata.str1.4
                0x00000000100073a4        0x7 CMakeFiles/main.dir/_deps/pico_sdk-src/lib/tinyusb/src/portable/raspberrypi/rp2040/rp2040_usb.c.obj
 *fill*         0x00000000100073ab        0x1 
 .rodata.tud_task
                0x00000000100073ac       0x8c CMakeFiles/main.dir/_deps/pico_sdk-src/lib/tinyusb/src/device/usbd.c.obj
 .rodata._usbd_driver
                0x0000000010007438       0x1c CMakeFiles/main.dir/_deps/pico_sdk-src/lib/tinyusb/src/device/usbd.c.obj
                0x0000000010007454                . = ALIGN (0x4)
 *(SORT_BY_ALIGNMENT(SORT_BY_NAME(.flashdata*)))
                0x0000000010007454                . = ALIGN (0x4)

.rel.dyn        0x0000000010007454        0x0
 .rel.iplt      0x0000000010007454        0x0 /usr/lib/gcc/arm-none-eabi/9.2.1/thumb/v6-m/nofp/crtbegin.o

.ARM.extab
 *(.ARM.extab* .gnu.linkonce.armextab.*)
                0x0000000010007454                __exidx_start = .

.ARM.exidx
 *(.ARM.exidx* .gnu.linkonce.armexidx.*)
                0x0000000010007454                __exidx_end = .
                0x0000000010007454                . = ALIGN (0x4)
                0x0000000010007454                __binary_info_start = .

.binary_info    0x0000000010007454       0x1c
 *(.binary_info.keep.*)
 .binary_info.keep.__bi_ptr18
                0x0000000010007454        0x4 CMakeFiles/main.dir/_deps/pico_sdk-src/src/rp2_common/pico_standard_link/binary_info.c.obj
 .binary_info.keep.__bi_ptr26
                0x0000000010007458        0x4 CMakeFiles/main.dir/_deps/pico_sdk-src/src/rp2_common/pico_standard_link/binary_info.c.obj
 .binary_info.keep.__bi_ptr34
                0x000000001000745c        0x4 CMakeFiles/main.dir/_deps/pico_sdk-src/src/rp2_common/pico_standard_link/binary_info.c.obj
 .binary_info.keep.__bi_ptr40
                0x0000000010007460        0x4 CMakeFiles/main.dir/_deps/pico_sdk-src/src/rp2_common/pico_standard_link/binary_info.c.obj
 .binary_info.keep.__bi_ptr46
                0x0000000010007464        0x4 CMakeFiles/main.dir/_deps/pico_sdk-src/src/rp2_common/pico_standard_link/binary_info.c.obj
 .binary_info.keep.__bi_ptr71
                0x0000000010007468        0x4 CMakeFiles/main.dir/_deps/pico_sdk-src/src/rp2_common/pico_standard_link/binary_info.c.obj
 *(.binary_info.*)
 .binary_info.__bi_ptr93
                0x000000001000746c        0x4 CMakeFiles/main.dir/_deps/pico_sdk-src/src/rp2_common/pico_stdio_usb/stdio_usb.c.obj
                0x0000000010007470                __binary_info_end = .
                0x0000000010007470                . = ALIGN (0x4)
                0x0000000010007470                __etext = .

.ram_vector_table
                0x0000000020000000       0xc0
 *(.ram_vector_table)
 .ram_vector_table
                0x0000000020000000       0xc0 CMakeFiles/main.dir/_deps/pico_sdk-src/src/rp2_common/pico_runtime/runtime.c.obj
                0x0000000020000000                ram_vector_table

.data           0x00000000200000c0      0xa9c load address 0x0000000010007470
                0x00000000200000c0                __data_start__ = .
 *(vtable)
 *(.time_critical*)
 .time_critical.mutex_enter_blocking
                0x00000000200000c0       0x4c CMakeFiles/main.dir/_deps/pico_sdk-src/src/common/pico_sync/mutex.c.obj
                0x00000000200000c0                mutex_enter_blocking
 .time_critical.mutex_try_enter
                0x000000002000010c       0x48 CMakeFiles/main.dir/_deps/pico_sdk-src/src/common/pico_sync/mutex.c.obj
                0x000000002000010c                mutex_try_enter
 .time_critical.mutex_enter_timeout_ms
                0x0000000020000154       0x98 CMakeFiles/main.dir/_deps/pico_sdk-src/src/common/pico_sync/mutex.c.obj
                0x0000000020000154                mutex_enter_timeout_ms
 .time_critical.mutex_exit
                0x00000000200001ec       0x28 CMakeFiles/main.dir/_deps/pico_sdk-src/src/common/pico_sync/mutex.c.obj
                0x00000000200001ec                mutex_exit
 *(.text*)
 .text          0x0000000020000214        0x4 /usr/lib/gcc/arm-none-eabi/9.2.1/thumb/v6-m/nofp/libgcc.a(_dvmd_tls.o)
                0x0000000020000214                __aeabi_ldiv0
                0x0000000020000214                __aeabi_idiv0
 .text.__stub   0x0000000020000218       0x30 linker stubs
                0x0000000020000248                . = ALIGN (0x4)
 *(.rodata*)
                0x0000000020000248                . = ALIGN (0x4)
 *(.data*)
 .data.striped_spin_lock_num
                0x0000000020000248        0x1 CMakeFiles/main.dir/_deps/pico_sdk-src/src/rp2_common/hardware_sync/sync.c.obj
 *fill*         0x0000000020000249        0x3 
 .data          0x000000002000024c       0x48 CMakeFiles/main.dir/_deps/pico_sdk-src/src/rp2_common/hardware_irq/irq_handler_chain.S.obj
                0x000000002000024c                irq_handler_chain_slots
                0x000000002000027c                irq_handler_chain_first_slot
                0x0000000020000286                irq_handler_chain_remove_tail
 *fill*         0x0000000020000294        0xc 
 .data.aeabi_bits_funcs
                0x00000000200002a0       0x10 CMakeFiles/main.dir/_deps/pico_sdk-src/src/rp2_common/pico_bit_ops/bit_ops_aeabi.S.obj
                0x00000000200002a0                aeabi_bits_funcs
                0x00000000200002b0                aeabi_bits_funcs_end
 .data.aeabi_mem_funcs
                0x00000000200002b0       0x10 CMakeFiles/main.dir/_deps/pico_sdk-src/src/rp2_common/pico_mem_ops/mem_ops_aeabi.S.obj
                0x00000000200002b0                aeabi_mem_funcs
                0x00000000200002c0                aeabi_mem_funcs_end
 .data.stdio_usb
                0x00000000200002c0       0x14 CMakeFiles/main.dir/_deps/pico_sdk-src/src/rp2_common/pico_stdio_usb/stdio_usb.c.obj
                0x00000000200002c0                stdio_usb
 .data.ep_dir_string
                0x00000000200002d4        0x8 CMakeFiles/main.dir/_deps/pico_sdk-src/lib/tinyusb/src/portable/raspberrypi/rp2040/rp2040_usb.c.obj
                0x00000000200002d4                ep_dir_string
 .data._usbd_qdef
                0x00000000200002dc       0x20 CMakeFiles/main.dir/_deps/pico_sdk-src/lib/tinyusb/src/device/usbd.c.obj
                0x00000000200002dc                _usbd_qdef
 *fill*         0x00000000200002fc        0x4 
 .data          0x0000000020000300      0x430 /usr/lib/gcc/arm-none-eabi/9.2.1/../../../arm-none-eabi/lib/thumb/v6-m/nofp/libc.a(lib_a-impure.o)
                0x0000000020000300                _impure_ptr
 .data          0x0000000020000730      0x410 /usr/lib/gcc/arm-none-eabi/9.2.1/../../../arm-none-eabi/lib/thumb/v6-m/nofp/libc.a(lib_a-mallocr.o)
                0x0000000020000730                __malloc_sbrk_base
                0x0000000020000734                __malloc_trim_threshold
                0x0000000020000738                __malloc_av_
                0x0000000020000b40                . = ALIGN (0x4)
 *(.after_data.*)
                0x0000000020000b40                . = ALIGN (0x4)
                0x0000000020000b40                PROVIDE (__mutex_array_start = .)
 *(SORT_BY_NAME(.mutex_array.*))
 *(.mutex_array)
 .mutex_array   0x0000000020000b40        0x8 CMakeFiles/main.dir/_deps/pico_sdk-src/src/rp2_common/pico_stdio/stdio.c.obj
                0x0000000020000b48                PROVIDE (__mutex_array_end = .)
                0x0000000020000b48                . = ALIGN (0x4)
                0x0000000020000b48                PROVIDE (__preinit_array_start = .)
 *(SORT_BY_NAME(.preinit_array.*))
 .preinit_array.00001
                0x0000000020000b48        0x4 CMakeFiles/main.dir/_deps/pico_sdk-src/src/rp2_common/pico_mem_ops/mem_ops_aeabi.S.obj
 .preinit_array.00010
                0x0000000020000b4c        0x4 CMakeFiles/main.dir/_deps/pico_sdk-src/src/rp2_common/pico_bit_ops/bit_ops_aeabi.S.obj
 .preinit_array.00020
                0x0000000020000b50        0x4 CMakeFiles/main.dir/_deps/pico_sdk-src/src/rp2_common/pico_double/double_aeabi.S.obj
 .preinit_array.00020
                0x0000000020000b54        0x4 CMakeFiles/main.dir/_deps/pico_sdk-src/src/rp2_common/pico_float/float_aeabi.S.obj
 *(.preinit_array)
                0x0000000020000b58                PROVIDE (__preinit_array_end = .)
                0x0000000020000b58                . = ALIGN (0x4)
                0x0000000020000b58                PROVIDE (__init_array_start = .)
 *(SORT_BY_NAME(.init_array.*))
 *(.init_array)
 .init_array    0x0000000020000b58        0x4 /usr/lib/gcc/arm-none-eabi/9.2.1/thumb/v6-m/nofp/crtbegin.o
                0x0000000020000b5c                PROVIDE (__init_array_end = .)
                0x0000000020000b5c                . = ALIGN (0x4)
                0x0000000020000b5c                PROVIDE (__fini_array_start = .)
 *(SORT_BY_NAME(.fini_array.*))
 *(.fini_array)
                0x0000000020000b5c                PROVIDE (__fini_array_end = .)
 *(.jcr)
                0x0000000020000b5c                . = ALIGN (0x4)
                0x0000000020000b5c                __data_end__ = .

.tm_clone_table
                0x0000000020000b5c        0x0 load address 0x0000000010007f0c
 .tm_clone_table
                0x0000000020000b5c        0x0 /usr/lib/gcc/arm-none-eabi/9.2.1/thumb/v6-m/nofp/crtbegin.o
 .tm_clone_table
                0x0000000020000b5c        0x0 /usr/lib/gcc/arm-none-eabi/9.2.1/thumb/v6-m/nofp/crtend.o

.igot.plt       0x0000000020000b5c        0x0 load address 0x0000000010007f0c
 .igot.plt      0x0000000020000b5c        0x0 /usr/lib/gcc/arm-none-eabi/9.2.1/thumb/v6-m/nofp/crtbegin.o

.uninitialized_data
                0x0000000020000b5c        0x0 load address 0x0000000010007f0c
                0x0000000020000b5c                . = ALIGN (0x4)
 *(.uninitialized_data*)

.scratch_x      0x0000000020040000        0x0 load address 0x0000000010007f0c
                0x0000000020040000                __scratch_x_start__ = .
 *(.scratch_x.*)
                0x0000000020040000                . = ALIGN (0x4)
                0x0000000020040000                __scratch_x_end__ = .
                0x0000000010007f0c                __scratch_x_source__ = LOADADDR (.scratch_x)

.scratch_y      0x0000000020041000        0x0 load address 0x0000000010007f0c
                0x0000000020041000                __scratch_y_start__ = .
 *(.scratch_y.*)
                0x0000000020041000                . = ALIGN (0x4)
                0x0000000020041000                __scratch_y_end__ = .
                0x0000000010007f0c                __scratch_y_source__ = LOADADDR (.scratch_y)

.bss            0x0000000020000b60      0xdbc
                0x0000000020000b60                . = ALIGN (0x4)
                0x0000000020000b60                __bss_start__ = .
 *(SORT_BY_ALIGNMENT(SORT_BY_NAME(.bss*)))
 .bss.last_avail_time.6960
                0x0000000020000b60        0x8 CMakeFiles/main.dir/_deps/pico_sdk-src/src/rp2_common/pico_stdio_usb/stdio_usb.c.obj
 .bss           0x0000000020000b68       0x1c /usr/lib/gcc/arm-none-eabi/9.2.1/thumb/v6-m/nofp/crtbegin.o
 .bss           0x0000000020000b84       0x34 /usr/lib/gcc/arm-none-eabi/9.2.1/../../../arm-none-eabi/lib/thumb/v6-m/nofp/libc.a(lib_a-mallocr.o)
                0x0000000020000b84                __malloc_top_pad
                0x0000000020000b88                __malloc_current_mallinfo
                0x0000000020000bb0                __malloc_max_sbrked_mem
                0x0000000020000bb4                __malloc_max_total_mem
 .bss._app_driver
                0x0000000020000bb8        0x4 CMakeFiles/main.dir/_deps/pico_sdk-src/lib/tinyusb/src/device/usbd.c.obj
 .bss._cdcd_itf
                0x0000000020000bbc      0x2d0 CMakeFiles/main.dir/_deps/pico_sdk-src/lib/tinyusb/src/class/cdc/cdc_device.c.obj
 .bss._ctrl_xfer
                0x0000000020000e8c       0x14 CMakeFiles/main.dir/_deps/pico_sdk-src/lib/tinyusb/src/device/usbd_control.c.obj
 .bss._ubsd_mutexdef
                0x0000000020000ea0        0x8 CMakeFiles/main.dir/_deps/pico_sdk-src/lib/tinyusb/src/device/usbd.c.obj
 .bss._usbd_ctrl_buf
                0x0000000020000ea8       0x40 CMakeFiles/main.dir/_deps/pico_sdk-src/lib/tinyusb/src/device/usbd_control.c.obj
 .bss._usbd_dev
                0x0000000020000ee8       0x37 CMakeFiles/main.dir/_deps/pico_sdk-src/lib/tinyusb/src/device/usbd.c.obj
 *fill*         0x0000000020000f1f        0x1 
 .bss._usbd_mutex
                0x0000000020000f20        0x4 CMakeFiles/main.dir/_deps/pico_sdk-src/lib/tinyusb/src/device/usbd.c.obj
 .bss._usbd_q   0x0000000020000f24        0x4 CMakeFiles/main.dir/_deps/pico_sdk-src/lib/tinyusb/src/device/usbd.c.obj
 .bss.alarm_callbacks
                0x0000000020000f28       0x10 CMakeFiles/main.dir/_deps/pico_sdk-src/src/rp2_common/hardware_timer/timer.c.obj
 .bss.claimed   0x0000000020000f38        0x4 CMakeFiles/main.dir/_deps/pico_sdk-src/src/rp2_common/hardware_sync/sync.c.obj
 .bss.configured_freq
                0x0000000020000f3c       0x28 CMakeFiles/main.dir/_deps/pico_sdk-src/src/rp2_common/hardware_clocks/clocks.c.obj
 .bss.default_alarm_pool
                0x0000000020000f64        0x4 CMakeFiles/main.dir/_deps/pico_sdk-src/src/common/pico_time/time.c.obj
 .bss.desc_str.6843
                0x0000000020000f68       0x28 CMakeFiles/main.dir/_deps/pico_sdk-src/src/rp2_common/pico_stdio_usb/stdio_usb_descriptors.c.obj
 .bss.drivers   0x0000000020000f90        0x4 CMakeFiles/main.dir/_deps/pico_sdk-src/src/rp2_common/pico_stdio/stdio.c.obj
 .bss.filter    0x0000000020000f94        0x4 CMakeFiles/main.dir/_deps/pico_sdk-src/src/rp2_common/pico_stdio/stdio.c.obj
 .bss.heap_end.5760
                0x0000000020000f98        0x4 CMakeFiles/main.dir/_deps/pico_sdk-src/src/rp2_common/pico_runtime/runtime.c.obj
 .bss.hw_endpoints
                0x0000000020000f9c      0x680 CMakeFiles/main.dir/_deps/pico_sdk-src/lib/tinyusb/src/portable/raspberrypi/rp2040/dcd_rp2040.c.obj
 .bss.lazy_vsnprintf
                0x000000002000161c        0x4 CMakeFiles/main.dir/_deps/pico_sdk-src/src/rp2_common/pico_printf/printf.c.obj
 .bss.next_buffer_ptr
                0x0000000020001620        0x4 CMakeFiles/main.dir/_deps/pico_sdk-src/lib/tinyusb/src/portable/raspberrypi/rp2040/dcd_rp2040.c.obj
 .bss.pools     0x0000000020001624       0x10 CMakeFiles/main.dir/_deps/pico_sdk-src/src/common/pico_time/time.c.obj
 .bss.stdio_usb_mutex
                0x0000000020001634        0x8 CMakeFiles/main.dir/_deps/pico_sdk-src/src/rp2_common/pico_stdio_usb/stdio_usb.c.obj
 .bss.target_hi
                0x000000002000163c       0x10 CMakeFiles/main.dir/_deps/pico_sdk-src/src/rp2_common/hardware_timer/timer.c.obj
 .bss._app_driver_count
                0x000000002000164c        0x1 CMakeFiles/main.dir/_deps/pico_sdk-src/lib/tinyusb/src/device/usbd.c.obj
 .bss._initialized
                0x000000002000164d        0x1 CMakeFiles/main.dir/_deps/pico_sdk-src/lib/tinyusb/src/tusb.c.obj
 .bss.assigned_address
                0x000000002000164e        0x1 CMakeFiles/main.dir/_deps/pico_sdk-src/lib/tinyusb/src/portable/raspberrypi/rp2040/dcd_rp2040.c.obj
 .bss.claimed   0x000000002000164f        0x1 CMakeFiles/main.dir/_deps/pico_sdk-src/src/rp2_common/hardware_timer/timer.c.obj
 .bss.irq_hander_chain_free_slot_head
                0x0000000020001650        0x1 CMakeFiles/main.dir/_deps/pico_sdk-src/src/rp2_common/hardware_irq/irq.c.obj
 .bss.timer_callbacks_pending
                0x0000000020001651        0x1 CMakeFiles/main.dir/_deps/pico_sdk-src/src/rp2_common/hardware_timer/timer.c.obj
 *(COMMON)
 *fill*         0x0000000020001652        0x2 
 COMMON         0x0000000020001654      0x100 CMakeFiles/main.dir/_deps/pico_sdk-src/src/rp2_common/pico_double/double_init_rom.c.obj
                0x0000000020001654                sd_table
 COMMON         0x0000000020001754      0x104 CMakeFiles/main.dir/_deps/pico_sdk-src/src/rp2_common/pico_float/float_init_rom.c.obj
                0x0000000020001754                sf_table
                0x0000000020001854                sf_clz_func
 COMMON         0x0000000020001858       0xc0 CMakeFiles/main.dir/_deps/pico_sdk-src/lib/tinyusb/src/device/usbd.c.obj
                0x0000000020001858                _usbd_qdef_buf
 COMMON         0x0000000020001918        0x4 /usr/lib/gcc/arm-none-eabi/9.2.1/../../../arm-none-eabi/lib/thumb/v6-m/nofp/libc.a(lib_a-reent.o)
                0x0000000020001918                errno
                0x000000002000191c                . = ALIGN (0x4)
                0x000000002000191c                __bss_end__ = .

.heap           0x000000002000191c      0x800
                0x000000002000191c                __end__ = .
                0x000000002000191c                end = __end__
 *(.heap*)
 .heap          0x000000002000191c      0x800 CMakeFiles/main.dir/_deps/pico_sdk-src/src/rp2_common/pico_standard_link/crt0.S.obj
                0x000000002000211c                __HeapLimit = .

.stack1_dummy   0x0000000020040000        0x0
 *(.stack1*)

.stack_dummy    0x0000000020041000      0x800
 *(.stack*)
 .stack         0x0000000020041000      0x800 CMakeFiles/main.dir/_deps/pico_sdk-src/src/rp2_common/pico_standard_link/crt0.S.obj

.flash_end      0x0000000010007f0c        0x0
                0x0000000010007f0c                __flash_binary_end = .
                0x0000000020040000                __StackLimit = (ORIGIN (RAM) + LENGTH (RAM))
                0x0000000020041000                __StackOneTop = (ORIGIN (SCRATCH_X) + LENGTH (SCRATCH_X))
                0x0000000020042000                __StackTop = (ORIGIN (SCRATCH_Y) + LENGTH (SCRATCH_Y))
                0x0000000020041000                __StackOneBottom = (__StackOneTop - SIZEOF (.stack1_dummy))
                0x0000000020041800                __StackBottom = (__StackTop - SIZEOF (.stack_dummy))
                0x0000000020042000                PROVIDE (__stack = __StackTop)
                0x0000000000000001                ASSERT ((__StackLimit >= __HeapLimit), region RAM overflowed)
                0x0000000000000001                ASSERT (((__binary_info_header_end - __logical_binary_start) <= 0x100), Binary info must be in first 256 bytes of the binary)
LOAD CMakeFiles/main.dir/main.c.obj
LOAD CMakeFiles/main.dir/ina219/ina219.c.obj
LOAD CMakeFiles/main.dir/_deps/pico_sdk-src/src/rp2_common/pico_stdlib/stdlib.c.obj
LOAD CMakeFiles/main.dir/_deps/pico_sdk-src/src/rp2_common/hardware_gpio/gpio.c.obj
LOAD CMakeFiles/main.dir/_deps/pico_sdk-src/src/rp2_common/hardware_claim/claim.c.obj
LOAD CMakeFiles/main.dir/_deps/pico_sdk-src/src/rp2_common/hardware_sync/sync.c.obj
LOAD CMakeFiles/main.dir/_deps/pico_sdk-src/src/rp2_common/pico_platform/platform.c.obj
LOAD CMakeFiles/main.dir/_deps/pico_sdk-src/src/rp2_common/hardware_uart/uart.c.obj
LOAD CMakeFiles/main.dir/_deps/pico_sdk-src/src/rp2_common/hardware_divider/divider.S.obj
LOAD CMakeFiles/main.dir/_deps/pico_sdk-src/src/common/pico_time/time.c.obj
LOAD CMakeFiles/main.dir/_deps/pico_sdk-src/src/common/pico_time/timeout_helper.c.obj
LOAD CMakeFiles/main.dir/_deps/pico_sdk-src/src/rp2_common/hardware_timer/timer.c.obj
LOAD CMakeFiles/main.dir/_deps/pico_sdk-src/src/common/pico_sync/sem.c.obj
LOAD CMakeFiles/main.dir/_deps/pico_sdk-src/src/common/pico_sync/lock_core.c.obj
LOAD CMakeFiles/main.dir/_deps/pico_sdk-src/src/common/pico_sync/mutex.c.obj
LOAD CMakeFiles/main.dir/_deps/pico_sdk-src/src/common/pico_sync/critical_section.c.obj
LOAD CMakeFiles/main.dir/_deps/pico_sdk-src/src/common/pico_util/datetime.c.obj
LOAD CMakeFiles/main.dir/_deps/pico_sdk-src/src/common/pico_util/pheap.c.obj
LOAD CMakeFiles/main.dir/_deps/pico_sdk-src/src/common/pico_util/queue.c.obj
LOAD CMakeFiles/main.dir/_deps/pico_sdk-src/src/rp2_common/pico_runtime/runtime.c.obj
LOAD CMakeFiles/main.dir/_deps/pico_sdk-src/src/rp2_common/hardware_clocks/clocks.c.obj
LOAD CMakeFiles/main.dir/_deps/pico_sdk-src/src/rp2_common/hardware_watchdog/watchdog.c.obj
LOAD CMakeFiles/main.dir/_deps/pico_sdk-src/src/rp2_common/hardware_xosc/xosc.c.obj
LOAD CMakeFiles/main.dir/_deps/pico_sdk-src/src/rp2_common/hardware_pll/pll.c.obj
LOAD CMakeFiles/main.dir/_deps/pico_sdk-src/src/rp2_common/hardware_vreg/vreg.c.obj
LOAD CMakeFiles/main.dir/_deps/pico_sdk-src/src/rp2_common/hardware_irq/irq.c.obj
LOAD CMakeFiles/main.dir/_deps/pico_sdk-src/src/rp2_common/hardware_irq/irq_handler_chain.S.obj
LOAD CMakeFiles/main.dir/_deps/pico_sdk-src/src/rp2_common/pico_printf/printf.c.obj
LOAD CMakeFiles/main.dir/_deps/pico_sdk-src/src/rp2_common/pico_bit_ops/bit_ops_aeabi.S.obj
LOAD CMakeFiles/main.dir/_deps/pico_sdk-src/src/rp2_common/pico_bootrom/bootrom.c.obj
LOAD CMakeFiles/main.dir/_deps/pico_sdk-src/src/rp2_common/pico_divider/divider.S.obj
LOAD CMakeFiles/main.dir/_deps/pico_sdk-src/src/rp2_common/pico_double/double_aeabi.S.obj
LOAD CMakeFiles/main.dir/_deps/pico_sdk-src/src/rp2_common/pico_double/double_init_rom.c.obj
LOAD CMakeFiles/main.dir/_deps/pico_sdk-src/src/rp2_common/pico_double/double_math.c.obj
LOAD CMakeFiles/main.dir/_deps/pico_sdk-src/src/rp2_common/pico_double/double_v1_rom_shim.S.obj
LOAD CMakeFiles/main.dir/_deps/pico_sdk-src/src/rp2_common/pico_int64_ops/pico_int64_ops_aeabi.S.obj
LOAD CMakeFiles/main.dir/_deps/pico_sdk-src/src/rp2_common/pico_float/float_aeabi.S.obj
LOAD CMakeFiles/main.dir/_deps/pico_sdk-src/src/rp2_common/pico_float/float_init_rom.c.obj
LOAD CMakeFiles/main.dir/_deps/pico_sdk-src/src/rp2_common/pico_float/float_math.c.obj
LOAD CMakeFiles/main.dir/_deps/pico_sdk-src/src/rp2_common/pico_float/float_v1_rom_shim.S.obj
LOAD CMakeFiles/main.dir/_deps/pico_sdk-src/src/rp2_common/pico_malloc/pico_malloc.c.obj
LOAD CMakeFiles/main.dir/_deps/pico_sdk-src/src/rp2_common/pico_mem_ops/mem_ops_aeabi.S.obj
LOAD CMakeFiles/main.dir/_deps/pico_sdk-src/src/rp2_common/pico_standard_link/crt0.S.obj
LOAD CMakeFiles/main.dir/_deps/pico_sdk-src/src/rp2_common/pico_standard_link/new_delete.cpp.obj
LOAD CMakeFiles/main.dir/_deps/pico_sdk-src/src/rp2_common/pico_standard_link/binary_info.c.obj
LOAD CMakeFiles/main.dir/_deps/pico_sdk-src/src/rp2_common/pico_stdio/stdio.c.obj
LOAD CMakeFiles/main.dir/_deps/pico_sdk-src/src/rp2_common/pico_stdio_usb/stdio_usb.c.obj
LOAD CMakeFiles/main.dir/_deps/pico_sdk-src/src/rp2_common/pico_stdio_usb/stdio_usb_descriptors.c.obj
LOAD CMakeFiles/main.dir/_deps/pico_sdk-src/lib/tinyusb/src/portable/raspberrypi/rp2040/dcd_rp2040.c.obj
LOAD CMakeFiles/main.dir/_deps/pico_sdk-src/lib/tinyusb/src/portable/raspberrypi/rp2040/rp2040_usb.c.obj
LOAD CMakeFiles/main.dir/_deps/pico_sdk-src/lib/tinyusb/src/device/usbd.c.obj
LOAD CMakeFiles/main.dir/_deps/pico_sdk-src/lib/tinyusb/src/device/usbd_control.c.obj
LOAD CMakeFiles/main.dir/_deps/pico_sdk-src/lib/tinyusb/src/class/audio/audio_device.c.obj
LOAD CMakeFiles/main.dir/_deps/pico_sdk-src/lib/tinyusb/src/class/cdc/cdc_device.c.obj
LOAD CMakeFiles/main.dir/_deps/pico_sdk-src/lib/tinyusb/src/class/dfu/dfu_rt_device.c.obj
LOAD CMakeFiles/main.dir/_deps/pico_sdk-src/lib/tinyusb/src/class/hid/hid_device.c.obj
LOAD CMakeFiles/main.dir/_deps/pico_sdk-src/lib/tinyusb/src/class/midi/midi_device.c.obj
LOAD CMakeFiles/main.dir/_deps/pico_sdk-src/lib/tinyusb/src/class/msc/msc_device.c.obj
LOAD CMakeFiles/main.dir/_deps/pico_sdk-src/lib/tinyusb/src/class/net/net_device.c.obj
LOAD CMakeFiles/main.dir/_deps/pico_sdk-src/lib/tinyusb/src/class/usbtmc/usbtmc_device.c.obj
LOAD CMakeFiles/main.dir/_deps/pico_sdk-src/lib/tinyusb/src/class/vendor/vendor_device.c.obj
LOAD CMakeFiles/main.dir/_deps/pico_sdk-src/lib/tinyusb/src/tusb.c.obj
LOAD CMakeFiles/main.dir/_deps/pico_sdk-src/lib/tinyusb/src/common/tusb_fifo.c.obj
LOAD CMakeFiles/main.dir/_deps/pico_sdk-src/src/rp2_common/pico_fix/rp2040_usb_device_enumeration/rp2040_usb_device_enumeration.c.obj
LOAD CMakeFiles/main.dir/_deps/pico_sdk-src/src/rp2_common/hardware_i2c/i2c.c.obj
LOAD /tmp/ccb0JBoP.o
LOAD /usr/lib/gcc/arm-none-eabi/9.2.1/../../../arm-none-eabi/lib/thumb/v6-m/nofp/libstdc++.a
LOAD /usr/lib/gcc/arm-none-eabi/9.2.1/../../../arm-none-eabi/lib/thumb/v6-m/nofp/libm.a
START GROUP
LOAD /usr/lib/gcc/arm-none-eabi/9.2.1/thumb/v6-m/nofp/libgcc.a
LOAD /usr/lib/gcc/arm-none-eabi/9.2.1/../../../arm-none-eabi/lib/thumb/v6-m/nofp/libc.a
END GROUP
START GROUP
LOAD /usr/lib/gcc/arm-none-eabi/9.2.1/thumb/v6-m/nofp/libgcc.a
LOAD /usr/lib/gcc/arm-none-eabi/9.2.1/../../../arm-none-eabi/lib/thumb/v6-m/nofp/libc.a
LOAD /usr/lib/gcc/arm-none-eabi/9.2.1/../../../arm-none-eabi/lib/thumb/v6-m/nofp/libnosys.a
END GROUP
LOAD /usr/lib/gcc/arm-none-eabi/9.2.1/thumb/v6-m/nofp/crtend.o
LOAD /usr/lib/gcc/arm-none-eabi/9.2.1/thumb/v6-m/nofp/crtn.o
OUTPUT(main.elf elf32-littlearm)
LOAD linker stubs

.ARM.attributes
                0x0000000000000000       0x28
 .ARM.attributes
                0x0000000000000000       0x1e /usr/lib/gcc/arm-none-eabi/9.2.1/thumb/v6-m/nofp/crti.o
 .ARM.attributes
                0x000000000000001e       0x2c /usr/lib/gcc/arm-none-eabi/9.2.1/thumb/v6-m/nofp/crtbegin.o
 .ARM.attributes
                0x000000000000004a       0x2b CMakeFiles/main.dir/main.c.obj
 .ARM.attributes
                0x0000000000000075       0x2b CMakeFiles/main.dir/_deps/pico_sdk-src/src/rp2_common/hardware_gpio/gpio.c.obj
 .ARM.attributes
                0x00000000000000a0       0x2b CMakeFiles/main.dir/_deps/pico_sdk-src/src/rp2_common/hardware_claim/claim.c.obj
 .ARM.attributes
                0x00000000000000cb       0x2b CMakeFiles/main.dir/_deps/pico_sdk-src/src/rp2_common/hardware_sync/sync.c.obj
 .ARM.attributes
                0x00000000000000f6       0x2b CMakeFiles/main.dir/_deps/pico_sdk-src/src/rp2_common/pico_platform/platform.c.obj
 .ARM.attributes
                0x0000000000000121       0x2b CMakeFiles/main.dir/_deps/pico_sdk-src/src/common/pico_time/time.c.obj
 .ARM.attributes
                0x000000000000014c       0x2b CMakeFiles/main.dir/_deps/pico_sdk-src/src/rp2_common/hardware_timer/timer.c.obj
 .ARM.attributes
                0x0000000000000177       0x2b CMakeFiles/main.dir/_deps/pico_sdk-src/src/common/pico_sync/lock_core.c.obj
 .ARM.attributes
                0x00000000000001a2       0x2b CMakeFiles/main.dir/_deps/pico_sdk-src/src/common/pico_sync/mutex.c.obj
 .ARM.attributes
                0x00000000000001cd       0x2b CMakeFiles/main.dir/_deps/pico_sdk-src/src/common/pico_sync/critical_section.c.obj
 .ARM.attributes
                0x00000000000001f8       0x2b CMakeFiles/main.dir/_deps/pico_sdk-src/src/common/pico_util/pheap.c.obj
 .ARM.attributes
                0x0000000000000223       0x2b CMakeFiles/main.dir/_deps/pico_sdk-src/src/rp2_common/pico_runtime/runtime.c.obj
 .ARM.attributes
                0x000000000000024e       0x2b CMakeFiles/main.dir/_deps/pico_sdk-src/src/rp2_common/hardware_clocks/clocks.c.obj
 .ARM.attributes
                0x0000000000000279       0x2b CMakeFiles/main.dir/_deps/pico_sdk-src/src/rp2_common/hardware_watchdog/watchdog.c.obj
 .ARM.attributes
                0x00000000000002a4       0x2b CMakeFiles/main.dir/_deps/pico_sdk-src/src/rp2_common/hardware_xosc/xosc.c.obj
 .ARM.attributes
                0x00000000000002cf       0x2b CMakeFiles/main.dir/_deps/pico_sdk-src/src/rp2_common/hardware_pll/pll.c.obj
 .ARM.attributes
                0x00000000000002fa       0x2b CMakeFiles/main.dir/_deps/pico_sdk-src/src/rp2_common/hardware_irq/irq.c.obj
 .ARM.attributes
                0x0000000000000325       0x22 CMakeFiles/main.dir/_deps/pico_sdk-src/src/rp2_common/hardware_irq/irq_handler_chain.S.obj
 .ARM.attributes
                0x0000000000000347       0x2b CMakeFiles/main.dir/_deps/pico_sdk-src/src/rp2_common/pico_printf/printf.c.obj
 .ARM.attributes
                0x0000000000000372       0x22 CMakeFiles/main.dir/_deps/pico_sdk-src/src/rp2_common/pico_bit_ops/bit_ops_aeabi.S.obj
 .ARM.attributes
                0x0000000000000394       0x2b CMakeFiles/main.dir/_deps/pico_sdk-src/src/rp2_common/pico_bootrom/bootrom.c.obj
 .ARM.attributes
                0x00000000000003bf       0x22 CMakeFiles/main.dir/_deps/pico_sdk-src/src/rp2_common/pico_divider/divider.S.obj
 .ARM.attributes
                0x00000000000003e1       0x22 CMakeFiles/main.dir/_deps/pico_sdk-src/src/rp2_common/pico_double/double_aeabi.S.obj
 .ARM.attributes
                0x0000000000000403       0x2b CMakeFiles/main.dir/_deps/pico_sdk-src/src/rp2_common/pico_double/double_init_rom.c.obj
 .ARM.attributes
                0x000000000000042e       0x22 CMakeFiles/main.dir/_deps/pico_sdk-src/src/rp2_common/pico_double/double_v1_rom_shim.S.obj
 .ARM.attributes
                0x0000000000000450       0x22 CMakeFiles/main.dir/_deps/pico_sdk-src/src/rp2_common/pico_int64_ops/pico_int64_ops_aeabi.S.obj
 .ARM.attributes
                0x0000000000000472       0x22 CMakeFiles/main.dir/_deps/pico_sdk-src/src/rp2_common/pico_float/float_aeabi.S.obj
 .ARM.attributes
                0x0000000000000494       0x2b CMakeFiles/main.dir/_deps/pico_sdk-src/src/rp2_common/pico_float/float_init_rom.c.obj
 .ARM.attributes
                0x00000000000004bf       0x22 CMakeFiles/main.dir/_deps/pico_sdk-src/src/rp2_common/pico_float/float_v1_rom_shim.S.obj
 .ARM.attributes
                0x00000000000004e1       0x2b CMakeFiles/main.dir/_deps/pico_sdk-src/src/rp2_common/pico_malloc/pico_malloc.c.obj
 .ARM.attributes
                0x000000000000050c       0x22 CMakeFiles/main.dir/_deps/pico_sdk-src/src/rp2_common/pico_mem_ops/mem_ops_aeabi.S.obj
 .ARM.attributes
                0x000000000000052e       0x22 CMakeFiles/main.dir/_deps/pico_sdk-src/src/rp2_common/pico_standard_link/crt0.S.obj
 .ARM.attributes
                0x0000000000000550       0x32 CMakeFiles/main.dir/_deps/pico_sdk-src/src/rp2_common/pico_standard_link/binary_info.c.obj
 .ARM.attributes
                0x0000000000000582       0x2b CMakeFiles/main.dir/_deps/pico_sdk-src/src/rp2_common/pico_stdio/stdio.c.obj
 .ARM.attributes
                0x00000000000005ad       0x2b CMakeFiles/main.dir/_deps/pico_sdk-src/src/rp2_common/pico_stdio_usb/stdio_usb.c.obj
 .ARM.attributes
                0x00000000000005d8       0x2b CMakeFiles/main.dir/_deps/pico_sdk-src/src/rp2_common/pico_stdio_usb/stdio_usb_descriptors.c.obj
 .ARM.attributes
                0x0000000000000603       0x2b CMakeFiles/main.dir/_deps/pico_sdk-src/lib/tinyusb/src/portable/raspberrypi/rp2040/dcd_rp2040.c.obj
 .ARM.attributes
                0x000000000000062e       0x2b CMakeFiles/main.dir/_deps/pico_sdk-src/lib/tinyusb/src/portable/raspberrypi/rp2040/rp2040_usb.c.obj
 .ARM.attributes
                0x0000000000000659       0x2b CMakeFiles/main.dir/_deps/pico_sdk-src/lib/tinyusb/src/device/usbd.c.obj
 .ARM.attributes
                0x0000000000000684       0x2b CMakeFiles/main.dir/_deps/pico_sdk-src/lib/tinyusb/src/device/usbd_control.c.obj
 .ARM.attributes
                0x00000000000006af       0x2b CMakeFiles/main.dir/_deps/pico_sdk-src/lib/tinyusb/src/class/cdc/cdc_device.c.obj
 .ARM.attributes
                0x00000000000006da       0x2b CMakeFiles/main.dir/_deps/pico_sdk-src/lib/tinyusb/src/tusb.c.obj
 .ARM.attributes
                0x0000000000000705       0x2b CMakeFiles/main.dir/_deps/pico_sdk-src/lib/tinyusb/src/common/tusb_fifo.c.obj
 .ARM.attributes
                0x0000000000000730       0x22 /tmp/ccb0JBoP.o
 .ARM.attributes
                0x0000000000000752       0x1e /usr/lib/gcc/arm-none-eabi/9.2.1/thumb/v6-m/nofp/libgcc.a(_dvmd_tls.o)
 .ARM.attributes
                0x0000000000000770       0x2c /usr/lib/gcc/arm-none-eabi/9.2.1/../../../arm-none-eabi/lib/thumb/v6-m/nofp/libc.a(lib_a-calloc.o)
 .ARM.attributes
                0x000000000000079c       0x2c /usr/lib/gcc/arm-none-eabi/9.2.1/../../../arm-none-eabi/lib/thumb/v6-m/nofp/libc.a(lib_a-callocr.o)
 .ARM.attributes
                0x00000000000007c8       0x2c /usr/lib/gcc/arm-none-eabi/9.2.1/../../../arm-none-eabi/lib/thumb/v6-m/nofp/libc.a(lib_a-impure.o)
 .ARM.attributes
                0x00000000000007f4       0x2c /usr/lib/gcc/arm-none-eabi/9.2.1/../../../arm-none-eabi/lib/thumb/v6-m/nofp/libc.a(lib_a-malloc.o)
 .ARM.attributes
                0x0000000000000820       0x2c /usr/lib/gcc/arm-none-eabi/9.2.1/../../../arm-none-eabi/lib/thumb/v6-m/nofp/libc.a(lib_a-mallocr.o)
 .ARM.attributes
                0x000000000000084c       0x2c /usr/lib/gcc/arm-none-eabi/9.2.1/../../../arm-none-eabi/lib/thumb/v6-m/nofp/libc.a(lib_a-mlock.o)
 .ARM.attributes
                0x0000000000000878       0x2c /usr/lib/gcc/arm-none-eabi/9.2.1/../../../arm-none-eabi/lib/thumb/v6-m/nofp/libc.a(lib_a-sbrkr.o)
 .ARM.attributes
                0x00000000000008a4       0x2c /usr/lib/gcc/arm-none-eabi/9.2.1/../../../arm-none-eabi/lib/thumb/v6-m/nofp/libc.a(lib_a-strlen-stub.o)
 .ARM.attributes
                0x00000000000008d0       0x2c /usr/lib/gcc/arm-none-eabi/9.2.1/../../../arm-none-eabi/lib/thumb/v6-m/nofp/libc.a(lib_a-freer.o)
 .ARM.attributes
                0x00000000000008fc       0x2c /usr/lib/gcc/arm-none-eabi/9.2.1/../../../arm-none-eabi/lib/thumb/v6-m/nofp/libc.a(lib_a-reent.o)
 .ARM.attributes
                0x0000000000000928       0x2c /usr/lib/gcc/arm-none-eabi/9.2.1/thumb/v6-m/nofp/crtend.o

.comment        0x0000000000000000       0xa7
 .comment       0x0000000000000000       0x59 /usr/lib/gcc/arm-none-eabi/9.2.1/thumb/v6-m/nofp/crtbegin.o
                                         0x5a (size before relaxing)
 .comment       0x0000000000000059       0x5a CMakeFiles/main.dir/main.c.obj
 .comment       0x0000000000000059       0x5a CMakeFiles/main.dir/_deps/pico_sdk-src/src/rp2_common/hardware_gpio/gpio.c.obj
 .comment       0x0000000000000059       0x5a CMakeFiles/main.dir/_deps/pico_sdk-src/src/rp2_common/hardware_claim/claim.c.obj
 .comment       0x0000000000000059       0x5a CMakeFiles/main.dir/_deps/pico_sdk-src/src/rp2_common/hardware_sync/sync.c.obj
 .comment       0x0000000000000059       0x5a CMakeFiles/main.dir/_deps/pico_sdk-src/src/rp2_common/pico_platform/platform.c.obj
 .comment       0x0000000000000059       0x5a CMakeFiles/main.dir/_deps/pico_sdk-src/src/common/pico_time/time.c.obj
 .comment       0x0000000000000059       0x5a CMakeFiles/main.dir/_deps/pico_sdk-src/src/rp2_common/hardware_timer/timer.c.obj
 .comment       0x0000000000000059       0x5a CMakeFiles/main.dir/_deps/pico_sdk-src/src/common/pico_sync/lock_core.c.obj
 .comment       0x0000000000000059       0x5a CMakeFiles/main.dir/_deps/pico_sdk-src/src/common/pico_sync/mutex.c.obj
 .comment       0x0000000000000059       0x5a CMakeFiles/main.dir/_deps/pico_sdk-src/src/common/pico_sync/critical_section.c.obj
 .comment       0x0000000000000059       0x5a CMakeFiles/main.dir/_deps/pico_sdk-src/src/common/pico_util/pheap.c.obj
 .comment       0x0000000000000059       0x5a CMakeFiles/main.dir/_deps/pico_sdk-src/src/rp2_common/pico_runtime/runtime.c.obj
 .comment       0x0000000000000059       0x5a CMakeFiles/main.dir/_deps/pico_sdk-src/src/rp2_common/hardware_clocks/clocks.c.obj
 .comment       0x0000000000000059       0x5a CMakeFiles/main.dir/_deps/pico_sdk-src/src/rp2_common/hardware_watchdog/watchdog.c.obj
 .comment       0x0000000000000059       0x5a CMakeFiles/main.dir/_deps/pico_sdk-src/src/rp2_common/hardware_xosc/xosc.c.obj
 .comment       0x0000000000000059       0x5a CMakeFiles/main.dir/_deps/pico_sdk-src/src/rp2_common/hardware_pll/pll.c.obj
 .comment       0x0000000000000059       0x5a CMakeFiles/main.dir/_deps/pico_sdk-src/src/rp2_common/hardware_irq/irq.c.obj
 .comment       0x0000000000000059       0x5a CMakeFiles/main.dir/_deps/pico_sdk-src/src/rp2_common/pico_printf/printf.c.obj
 .comment       0x0000000000000059       0x5a CMakeFiles/main.dir/_deps/pico_sdk-src/src/rp2_common/pico_bootrom/bootrom.c.obj
 .comment       0x0000000000000059       0x5a CMakeFiles/main.dir/_deps/pico_sdk-src/src/rp2_common/pico_double/double_init_rom.c.obj
 .comment       0x0000000000000059       0x5a CMakeFiles/main.dir/_deps/pico_sdk-src/src/rp2_common/pico_float/float_init_rom.c.obj
 .comment       0x0000000000000059       0x5a CMakeFiles/main.dir/_deps/pico_sdk-src/src/rp2_common/pico_malloc/pico_malloc.c.obj
 .comment       0x0000000000000059       0x5a CMakeFiles/main.dir/_deps/pico_sdk-src/src/rp2_common/pico_standard_link/binary_info.c.obj
 .comment       0x0000000000000059       0x5a CMakeFiles/main.dir/_deps/pico_sdk-src/src/rp2_common/pico_stdio/stdio.c.obj
 .comment       0x0000000000000059       0x5a CMakeFiles/main.dir/_deps/pico_sdk-src/src/rp2_common/pico_stdio_usb/stdio_usb.c.obj
 .comment       0x0000000000000059       0x5a CMakeFiles/main.dir/_deps/pico_sdk-src/src/rp2_common/pico_stdio_usb/stdio_usb_descriptors.c.obj
 .comment       0x0000000000000059       0x5a CMakeFiles/main.dir/_deps/pico_sdk-src/lib/tinyusb/src/portable/raspberrypi/rp2040/dcd_rp2040.c.obj
 .comment       0x0000000000000059       0x5a CMakeFiles/main.dir/_deps/pico_sdk-src/lib/tinyusb/src/portable/raspberrypi/rp2040/rp2040_usb.c.obj
 .comment       0x0000000000000059       0x5a CMakeFiles/main.dir/_deps/pico_sdk-src/lib/tinyusb/src/device/usbd.c.obj
 .comment       0x0000000000000059       0x5a CMakeFiles/main.dir/_deps/pico_sdk-src/lib/tinyusb/src/device/usbd_control.c.obj
 .comment       0x0000000000000059       0x5a CMakeFiles/main.dir/_deps/pico_sdk-src/lib/tinyusb/src/class/cdc/cdc_device.c.obj
 .comment       0x0000000000000059       0x5a CMakeFiles/main.dir/_deps/pico_sdk-src/lib/tinyusb/src/tusb.c.obj
 .comment       0x0000000000000059       0x5a CMakeFiles/main.dir/_deps/pico_sdk-src/lib/tinyusb/src/common/tusb_fifo.c.obj
 .comment       0x0000000000000059       0x4e /usr/lib/gcc/arm-none-eabi/9.2.1/../../../arm-none-eabi/lib/thumb/v6-m/nofp/libc.a(lib_a-calloc.o)
                                         0x4f (size before relaxing)
 .comment       0x00000000000000a7       0x4f /usr/lib/gcc/arm-none-eabi/9.2.1/../../../arm-none-eabi/lib/thumb/v6-m/nofp/libc.a(lib_a-callocr.o)
 .comment       0x00000000000000a7       0x4f /usr/lib/gcc/arm-none-eabi/9.2.1/../../../arm-none-eabi/lib/thumb/v6-m/nofp/libc.a(lib_a-impure.o)
 .comment       0x00000000000000a7       0x4f /usr/lib/gcc/arm-none-eabi/9.2.1/../../../arm-none-eabi/lib/thumb/v6-m/nofp/libc.a(lib_a-malloc.o)
 .comment       0x00000000000000a7       0x4f /usr/lib/gcc/arm-none-eabi/9.2.1/../../../arm-none-eabi/lib/thumb/v6-m/nofp/libc.a(lib_a-mallocr.o)
 .comment       0x00000000000000a7       0x4f /usr/lib/gcc/arm-none-eabi/9.2.1/../../../arm-none-eabi/lib/thumb/v6-m/nofp/libc.a(lib_a-mlock.o)
 .comment       0x00000000000000a7       0x4f /usr/lib/gcc/arm-none-eabi/9.2.1/../../../arm-none-eabi/lib/thumb/v6-m/nofp/libc.a(lib_a-sbrkr.o)
 .comment       0x00000000000000a7       0x4f /usr/lib/gcc/arm-none-eabi/9.2.1/../../../arm-none-eabi/lib/thumb/v6-m/nofp/libc.a(lib_a-strlen-stub.o)
 .comment       0x00000000000000a7       0x4f /usr/lib/gcc/arm-none-eabi/9.2.1/../../../arm-none-eabi/lib/thumb/v6-m/nofp/libc.a(lib_a-freer.o)
 .comment       0x00000000000000a7       0x4f /usr/lib/gcc/arm-none-eabi/9.2.1/../../../arm-none-eabi/lib/thumb/v6-m/nofp/libc.a(lib_a-reent.o)
 .comment       0x00000000000000a7       0x5a /usr/lib/gcc/arm-none-eabi/9.2.1/thumb/v6-m/nofp/crtend.o

.debug_line     0x0000000000000000     0x1994
 .debug_line    0x0000000000000000       0x60 /usr/lib/gcc/arm-none-eabi/9.2.1/thumb/v6-m/nofp/libgcc.a(_dvmd_tls.o)
 .debug_line    0x0000000000000060      0x14c /usr/lib/gcc/arm-none-eabi/9.2.1/../../../arm-none-eabi/lib/thumb/v6-m/nofp/libc.a(lib_a-calloc.o)
 .debug_line    0x00000000000001ac      0x1e7 /usr/lib/gcc/arm-none-eabi/9.2.1/../../../arm-none-eabi/lib/thumb/v6-m/nofp/libc.a(lib_a-callocr.o)
 .debug_line    0x0000000000000393       0xe3 /usr/lib/gcc/arm-none-eabi/9.2.1/../../../arm-none-eabi/lib/thumb/v6-m/nofp/libc.a(lib_a-impure.o)
 .debug_line    0x0000000000000476      0x16e /usr/lib/gcc/arm-none-eabi/9.2.1/../../../arm-none-eabi/lib/thumb/v6-m/nofp/libc.a(lib_a-malloc.o)
 .debug_line    0x00000000000005e4      0x89d /usr/lib/gcc/arm-none-eabi/9.2.1/../../../arm-none-eabi/lib/thumb/v6-m/nofp/libc.a(lib_a-mallocr.o)
 .debug_line    0x0000000000000e81      0x13d /usr/lib/gcc/arm-none-eabi/9.2.1/../../../arm-none-eabi/lib/thumb/v6-m/nofp/libc.a(lib_a-mlock.o)
 .debug_line    0x0000000000000fbe      0x185 /usr/lib/gcc/arm-none-eabi/9.2.1/../../../arm-none-eabi/lib/thumb/v6-m/nofp/libc.a(lib_a-sbrkr.o)
 .debug_line    0x0000000000001143      0x1c2 /usr/lib/gcc/arm-none-eabi/9.2.1/../../../arm-none-eabi/lib/thumb/v6-m/nofp/libc.a(lib_a-strlen-stub.o)
 .debug_line    0x0000000000001305      0x482 /usr/lib/gcc/arm-none-eabi/9.2.1/../../../arm-none-eabi/lib/thumb/v6-m/nofp/libc.a(lib_a-freer.o)
 .debug_line    0x0000000000001787      0x20d /usr/lib/gcc/arm-none-eabi/9.2.1/../../../arm-none-eabi/lib/thumb/v6-m/nofp/libc.a(lib_a-reent.o)

.debug_info     0x0000000000000000     0x6d01
 .debug_info    0x0000000000000000       0x26 /usr/lib/gcc/arm-none-eabi/9.2.1/thumb/v6-m/nofp/libgcc.a(_dvmd_tls.o)
 .debug_info    0x0000000000000026      0x988 /usr/lib/gcc/arm-none-eabi/9.2.1/../../../arm-none-eabi/lib/thumb/v6-m/nofp/libc.a(lib_a-calloc.o)
 .debug_info    0x00000000000009ae      0xc2f /usr/lib/gcc/arm-none-eabi/9.2.1/../../../arm-none-eabi/lib/thumb/v6-m/nofp/libc.a(lib_a-callocr.o)
 .debug_info    0x00000000000015dd      0x92a /usr/lib/gcc/arm-none-eabi/9.2.1/../../../arm-none-eabi/lib/thumb/v6-m/nofp/libc.a(lib_a-impure.o)
 .debug_info    0x0000000000001f07      0x9b6 /usr/lib/gcc/arm-none-eabi/9.2.1/../../../arm-none-eabi/lib/thumb/v6-m/nofp/libc.a(lib_a-malloc.o)
 .debug_info    0x00000000000028bd      0xf1a /usr/lib/gcc/arm-none-eabi/9.2.1/../../../arm-none-eabi/lib/thumb/v6-m/nofp/libc.a(lib_a-mallocr.o)
 .debug_info    0x00000000000037d7      0x961 /usr/lib/gcc/arm-none-eabi/9.2.1/../../../arm-none-eabi/lib/thumb/v6-m/nofp/libc.a(lib_a-mlock.o)
 .debug_info    0x0000000000004138      0x9fb /usr/lib/gcc/arm-none-eabi/9.2.1/../../../arm-none-eabi/lib/thumb/v6-m/nofp/libc.a(lib_a-sbrkr.o)
 .debug_info    0x0000000000004b33      0x973 /usr/lib/gcc/arm-none-eabi/9.2.1/../../../arm-none-eabi/lib/thumb/v6-m/nofp/libc.a(lib_a-strlen-stub.o)
 .debug_info    0x00000000000054a6      0xd99 /usr/lib/gcc/arm-none-eabi/9.2.1/../../../arm-none-eabi/lib/thumb/v6-m/nofp/libc.a(lib_a-freer.o)
 .debug_info    0x000000000000623f      0xac2 /usr/lib/gcc/arm-none-eabi/9.2.1/../../../arm-none-eabi/lib/thumb/v6-m/nofp/libc.a(lib_a-reent.o)

.debug_abbrev   0x0000000000000000     0x1754
 .debug_abbrev  0x0000000000000000       0x14 /usr/lib/gcc/arm-none-eabi/9.2.1/thumb/v6-m/nofp/libgcc.a(_dvmd_tls.o)
 .debug_abbrev  0x0000000000000014      0x225 /usr/lib/gcc/arm-none-eabi/9.2.1/../../../arm-none-eabi/lib/thumb/v6-m/nofp/libc.a(lib_a-calloc.o)
 .debug_abbrev  0x0000000000000239      0x275 /usr/lib/gcc/arm-none-eabi/9.2.1/../../../arm-none-eabi/lib/thumb/v6-m/nofp/libc.a(lib_a-callocr.o)
 .debug_abbrev  0x00000000000004ae      0x1b8 /usr/lib/gcc/arm-none-eabi/9.2.1/../../../arm-none-eabi/lib/thumb/v6-m/nofp/libc.a(lib_a-impure.o)
 .debug_abbrev  0x0000000000000666      0x22d /usr/lib/gcc/arm-none-eabi/9.2.1/../../../arm-none-eabi/lib/thumb/v6-m/nofp/libc.a(lib_a-malloc.o)
 .debug_abbrev  0x0000000000000893      0x321 /usr/lib/gcc/arm-none-eabi/9.2.1/../../../arm-none-eabi/lib/thumb/v6-m/nofp/libc.a(lib_a-mallocr.o)
 .debug_abbrev  0x0000000000000bb4      0x203 /usr/lib/gcc/arm-none-eabi/9.2.1/../../../arm-none-eabi/lib/thumb/v6-m/nofp/libc.a(lib_a-mlock.o)
 .debug_abbrev  0x0000000000000db7      0x250 /usr/lib/gcc/arm-none-eabi/9.2.1/../../../arm-none-eabi/lib/thumb/v6-m/nofp/libc.a(lib_a-sbrkr.o)
 .debug_abbrev  0x0000000000001007      0x1e8 /usr/lib/gcc/arm-none-eabi/9.2.1/../../../arm-none-eabi/lib/thumb/v6-m/nofp/libc.a(lib_a-strlen-stub.o)
 .debug_abbrev  0x00000000000011ef      0x2b9 /usr/lib/gcc/arm-none-eabi/9.2.1/../../../arm-none-eabi/lib/thumb/v6-m/nofp/libc.a(lib_a-freer.o)
 .debug_abbrev  0x00000000000014a8      0x2ac /usr/lib/gcc/arm-none-eabi/9.2.1/../../../arm-none-eabi/lib/thumb/v6-m/nofp/libc.a(lib_a-reent.o)

.debug_aranges  0x0000000000000000      0x158
 .debug_aranges
                0x0000000000000000       0x20 /usr/lib/gcc/arm-none-eabi/9.2.1/thumb/v6-m/nofp/libgcc.a(_dvmd_tls.o)
 .debug_aranges
                0x0000000000000020       0x20 /usr/lib/gcc/arm-none-eabi/9.2.1/../../../arm-none-eabi/lib/thumb/v6-m/nofp/libc.a(lib_a-calloc.o)
 .debug_aranges
                0x0000000000000040       0x20 /usr/lib/gcc/arm-none-eabi/9.2.1/../../../arm-none-eabi/lib/thumb/v6-m/nofp/libc.a(lib_a-callocr.o)
 .debug_aranges
                0x0000000000000060       0x18 /usr/lib/gcc/arm-none-eabi/9.2.1/../../../arm-none-eabi/lib/thumb/v6-m/nofp/libc.a(lib_a-impure.o)
 .debug_aranges
                0x0000000000000078       0x20 /usr/lib/gcc/arm-none-eabi/9.2.1/../../../arm-none-eabi/lib/thumb/v6-m/nofp/libc.a(lib_a-malloc.o)
 .debug_aranges
                0x0000000000000098       0x20 /usr/lib/gcc/arm-none-eabi/9.2.1/../../../arm-none-eabi/lib/thumb/v6-m/nofp/libc.a(lib_a-mallocr.o)
 .debug_aranges
                0x00000000000000b8       0x20 /usr/lib/gcc/arm-none-eabi/9.2.1/../../../arm-none-eabi/lib/thumb/v6-m/nofp/libc.a(lib_a-mlock.o)